Archive member included to satisfy reference by file (symbol)

contiki-srf06-cc26xx.a(contiki-main.o)
                              obj_srf06-cc26xx/startup_gcc.o (main)
contiki-srf06-cc26xx.a(sensors.o)
                              contiki-srf06-cc26xx.a(contiki-main.o) (sensors_process)
contiki-srf06-cc26xx.a(leds.o)
                              contiki-srf06-cc26xx.a(contiki-main.o) (leds_init)
contiki-srf06-cc26xx.a(board.o)
                              contiki-srf06-cc26xx.a(contiki-main.o) (board_init)
contiki-srf06-cc26xx.a(launchpad-senso)
                              contiki-srf06-cc26xx.a(sensors.o) (sensors_flags)
contiki-srf06-cc26xx.a(leds-arch.o)
                              contiki-srf06-cc26xx.a(leds.o) (leds_arch_init)
contiki-srf06-cc26xx.a(button-sensor.o)
                              contiki-srf06-cc26xx.a(launchpad-senso) (button_right_sensor)
contiki-srf06-cc26xx.a(ext-flash.o)
                              contiki-srf06-cc26xx.a(board.o) (ext_flash_init)
contiki-srf06-cc26xx.a(board-spi.o)
                              contiki-srf06-cc26xx.a(ext-flash.o) (board_spi_write)
contiki-srf06-cc26xx.a(clock.o)
                              contiki-srf06-cc26xx.a(contiki-main.o) (clock_init)
contiki-srf06-cc26xx.a(soc-rtc.o)
                              contiki-srf06-cc26xx.a(contiki-main.o) (soc_rtc_init)
contiki-srf06-cc26xx.a(contiki-watchdo)
                              contiki-srf06-cc26xx.a(contiki-main.o) (watchdog_init)
contiki-srf06-cc26xx.a(putchar.o)
                              contiki-srf06-cc26xx.a(contiki-main.o) (putchar)
contiki-srf06-cc26xx.a(ieee-addr.o)
                              contiki-srf06-cc26xx.a(contiki-main.o) (ieee_addr_cpy_to)
contiki-srf06-cc26xx.a(cc26xx-uart.o)
                              contiki-srf06-cc26xx.a(contiki-main.o) (cc26xx_uart_init)
contiki-srf06-cc26xx.a(lpm.o)
                              contiki-srf06-cc26xx.a(button-sensor.o) (lpm_shutdown)
contiki-srf06-cc26xx.a(gpio-interrupt.)
                              contiki-srf06-cc26xx.a(button-sensor.o) (gpio_interrupt_register_handler)
contiki-srf06-cc26xx.a(oscillators.o)
                              contiki-srf06-cc26xx.a(contiki-main.o) (oscillators_select_lf_xosc)
contiki-srf06-cc26xx.a(ieee-mode.o)
                              contiki-srf06-cc26xx.a(contiki-main.o) (ieee_mode_driver)
contiki-srf06-cc26xx.a(random.o)
                              contiki-srf06-cc26xx.a(contiki-main.o) (random_init)
contiki-srf06-cc26xx.a(soc-trng.o)
                              contiki-srf06-cc26xx.a(random.o) (soc_trng_rand_synchronous)
contiki-srf06-cc26xx.a(dbg-printf.o)
                              main_core.co (printf)
contiki-srf06-cc26xx.a(dbg-sprintf.o)
                              main_core.co (sprintf)
contiki-srf06-cc26xx.a(strformat.o)
                              contiki-srf06-cc26xx.a(dbg-printf.o) (format_str_v)
contiki-srf06-cc26xx.a(autostart.o)
                              contiki-srf06-cc26xx.a(contiki-main.o) (autostart_start)
contiki-srf06-cc26xx.a(energest.o)
                              contiki-srf06-cc26xx.a(contiki-main.o) (energest_init)
contiki-srf06-cc26xx.a(ctimer.o)
                              contiki-srf06-cc26xx.a(contiki-main.o) (ctimer_init)
contiki-srf06-cc26xx.a(etimer.o)
                              contiki-srf06-cc26xx.a(clock.o) (etimer_request_poll)
contiki-srf06-cc26xx.a(process.o)
                              obj_srf06-cc26xx/mqtt_sn.o (process_alloc_event)
contiki-srf06-cc26xx.a(rtimer.o)
                              contiki-srf06-cc26xx.a(contiki-main.o) (rtimer_init)
contiki-srf06-cc26xx.a(timer.o)
                              contiki-srf06-cc26xx.a(button-sensor.o) (timer_set)
contiki-srf06-cc26xx.a(serial-line.o)
                              contiki-srf06-cc26xx.a(contiki-main.o) (serial_line_init)
contiki-srf06-cc26xx.a(list.o)
                              contiki-srf06-cc26xx.a(lpm.o) (list_init)
contiki-srf06-cc26xx.a(ringbuf.o)
                              contiki-srf06-cc26xx.a(serial-line.o) (ringbuf_init)
contiki-srf06-cc26xx.a(uip6.o)
                              obj_srf06-cc26xx/mqtt_sn.o (uip_htons)
contiki-srf06-cc26xx.a(uip-nd6.o)
                              contiki-srf06-cc26xx.a(uip6.o) (uip_nd6_init)
contiki-srf06-cc26xx.a(sicslowpan.o)
                              contiki-srf06-cc26xx.a(contiki-main.o) (sicslowpan_driver)
contiki-srf06-cc26xx.a(uip-debug.o)
                              obj_srf06-cc26xx/mqtt_sn.o (uip_debug_ipaddr_print)
contiki-srf06-cc26xx.a(tcpip.o)
                              contiki-srf06-cc26xx.a(sicslowpan.o) (tcpip_set_outputfunc)
contiki-srf06-cc26xx.a(simple-udp.o)
                              obj_srf06-cc26xx/mqtt_sn.o (simple_udp_send)
contiki-srf06-cc26xx.a(rpl-ext-header.)
                              contiki-srf06-cc26xx.a(uip6.o) (rpl_verify_hbh_header)
contiki-srf06-cc26xx.a(rpl.o)
                              contiki-srf06-cc26xx.a(tcpip.o) (rpl_init)
[...]
Memory Configuration

Name             Origin             Length             Attributes
FLASH            0x00000000         0x0001ffa8         xr
FLASH_CCFG       0x0001ffa8         0x00000058         xr
SRAM             0x20000000         0x00005000         xrw
GPRAM            0x11000000         0x00002000         xrw
*default*        0x00000000         0xffffffff

Linker script and memory map

LOAD obj_srf06-cc26xx/fault-handlers.o
LOAD obj_srf06-cc26xx/ccfg.o
LOAD obj_srf06-cc26xx/startup_gcc.o
LOAD main_core.co
LOAD obj_srf06-cc26xx/mqtt_sn.o
LOAD contiki-srf06-cc26xx.a
LOAD /opt/gcc-arm-none-eabi-5_4-2016q2/bin/../lib/gcc/arm-none-eabi/5.4.1/../../../../arm-none-eabi/lib/armv7-m/libm.a
START GROUP
LOAD /opt/gcc-arm-none-eabi-5_4-2016q2/bin/../lib/gcc/arm-none-eabi/5.4.1/armv7-m/libgcc.a
LOAD /opt/gcc-arm-none-eabi-5_4-2016q2/bin/../lib/gcc/arm-none-eabi/5.4.1/../../../../arm-none-eabi/lib/armv7-m/libc.a
END GROUP
                0x20005000                _estack = (ORIGIN (SRAM) + LENGTH (SRAM))
                0x00000000                _Min_Heap_Size = 0x0
                0x00000100                _Min_Stack_Size = 0x100

.text           0x00000000     0xe3b6
                0x00000000                _text = .
 *(SORT(.vectors))
 .vectors       0x00000000       0xc8 obj_srf06-cc26xx/startup_gcc.o
                0x00000000                g_pfnVectors
 *(SORT(.text*))
 .text.FaultISR
                0x000000c8       0x18 obj_srf06-cc26xx/fault-handlers.o
                0x000000c8                FaultISR
 .text.NmiSRHandler
                0x000000e0        0x4 obj_srf06-cc26xx/startup_gcc.o
                0x000000e0                NmiSR
 .text.IntDefaultHandler
                0x000000e4        0x4 obj_srf06-cc26xx/startup_gcc.o
                0x000000e4                SSI0IntHandler
                0x000000e4                SWEvent0IntHandler
                0x000000e4                uDMAIntHandler
                0x000000e4                WatchdogIntHandler
                0x000000e4                RFCHardwareIntHandler
                0x000000e4                Timer1BIntHandler
                0x000000e4                I2SIntHandler
                0x000000e4                Timer2BIntHandler
                0x000000e4                Timer2AIntHandler
                0x000000e4                Timer1AIntHandler
                0x000000e4                AONIntHandler
                0x000000e4                AUXSWEvent0IntHandler
                0x000000e4                AUXADCIntHandler
                0x000000e4                PendSVIntHandler
                0x000000e4                AUXSWEvent1IntHandler
                0x000000e4                SVCallIntHandler
                0x000000e4                MPUFaultIntHandler
                0x000000e4                SysTickIntHandler
                0x000000e4                BusFaultIntHandler
                0x000000e4                AONProgIntHandler
                0x000000e4                AUXCompAIntHandler
                0x000000e4                SSI1IntHandler
                0x000000e4                FlashIntHandler
                0x000000e4                uDMAErrIntHandler
                0x000000e4                UsageFaultIntHandler
                0x000000e4                RFCCmdAckIntHandler
                0x000000e4                CryptoIntHandler
                0x000000e4                Timer0AIntHandler
                0x000000e4                I2CIntHandler
                0x000000e4                DebugMonIntHandler
                0x000000e4                Timer0BIntHandler
                0x000000e4                AUXCombEventIntHandler
                0x000000e4                Timer3AIntHandler
                0x000000e4                DynProgIntHandler
                0x000000e4                Timer3BIntHandler
 .text.ResetISR
                0x000000e8       0x5c obj_srf06-cc26xx/startup_gcc.o
                0x000000e8                ResetISR
 .text.mqtt_sn_callback
                0x00000144       0x24 main_core.co
                0x00000144                mqtt_sn_callback
 .text.init_broker
                0x00000168      0x108 main_core.co
                0x00000168                init_broker
 .text.process_thread_init_system_process
                0x00000270       0x70 main_core.co
 .text._sbrk    0x000002e0       0x30 obj_srf06-cc26xx/mqtt_sn.o
                0x000002e0                _sbrk
 .text.parse_mqtt_type_string
                0x00000310       0x94 obj_srf06-cc26xx/mqtt_sn.o
                0x00000310                parse_mqtt_type_string
 .text.verf_hist_sub
                0x000003a4       0x3c obj_srf06-cc26xx/mqtt_sn.o
                0x000003a4                verf_hist_sub
 .text.mqtt_sn_will_topic_send
                0x000003e0       0x58 obj_srf06-cc26xx/mqtt_sn.o
                0x000003e0                mqtt_sn_will_topic_send
 .text.mqtt_sn_will_message_send
                0x00000438       0x50 obj_srf06-cc26xx/mqtt_sn.o
                0x00000438                mqtt_sn_will_message_send
 .text.mqtt_sn_ping_send
                0x00000488       0x54 obj_srf06-cc26xx/mqtt_sn.o
                0x00000488                mqtt_sn_ping_send
 .text.timeout_ping_mqtt
                0x000004dc       0x78 obj_srf06-cc26xx/mqtt_sn.o
                0x000004dc                timeout_ping_mqtt
 .text.mqtt_sn_con_send
                0x00000554       0x7c obj_srf06-cc26xx/mqtt_sn.o
                0x00000554                mqtt_sn_con_send
 .text.mqtt_sn_reg_send
                0x000005d0       0x8c obj_srf06-cc26xx/mqtt_sn.o
                0x000005d0                mqtt_sn_reg_send
 .text.mqtt_sn_regack_send
                0x0000065c       0x40 obj_srf06-cc26xx/mqtt_sn.o
                0x0000065c                mqtt_sn_regack_send
 .text.mqtt_sn_pub_send
                0x0000069c       0xd8 obj_srf06-cc26xx/mqtt_sn.o
                0x0000069c                mqtt_sn_pub_send
 .text.mqtt_sn_pub
                0x00000774       0x50 obj_srf06-cc26xx/mqtt_sn.o
                0x00000774                mqtt_sn_pub
 .text.mqtt_sn_sub_send
                0x000007c4       0x78 obj_srf06-cc26xx/mqtt_sn.o
                0x000007c4                mqtt_sn_sub_send
 .text.timeout_con
                0x0000083c       0xb4 obj_srf06-cc26xx/mqtt_sn.o
                0x0000083c                timeout_con
 .text.mqtt_sn_sub_send_wildcard
                0x000008f0       0x64 obj_srf06-cc26xx/mqtt_sn.o
                0x000008f0                mqtt_sn_sub_send_wildcard
 .text.mqtt_sn_insert_queue
                0x00000954       0x88 obj_srf06-cc26xx/mqtt_sn.o
                0x00000954                mqtt_sn_insert_queue
 .text.mqtt_sn_sub_wildcard
                0x000009dc       0x34 obj_srf06-cc26xx/mqtt_sn.o
                0x000009dc                mqtt_sn_sub_wildcard
 .text.mqtt_sn_sub
                0x00000a10       0x9c obj_srf06-cc26xx/mqtt_sn.o
                0x00000a10                mqtt_sn_sub
 .text.mqtt_sn_delete_queue
                0x00000aac       0x74 obj_srf06-cc26xx/mqtt_sn.o
                0x00000aac                mqtt_sn_delete_queue
 .text.init_vectors
                0x00000b20       0x3c obj_srf06-cc26xx/mqtt_sn.o
                0x00000b20                init_vectors
 .text.mqtt_sn_recv_parser
                0x00000b5c      0x228 obj_srf06-cc26xx/mqtt_sn.o
                0x00000b5c                mqtt_sn_recv_parser
 .text.mqtt_sn_udp_rec_cb
                0x00000d84        0x8 obj_srf06-cc26xx/mqtt_sn.o
                0x00000d84                mqtt_sn_udp_rec_cb
 .text.mqtt_sn_create_sck
                0x00000d8c      0x1cc obj_srf06-cc26xx/mqtt_sn.o
                0x00000d8c                mqtt_sn_create_sck
 .text.process_thread_mqtt_sn_main
                0x00000f58      0x408 obj_srf06-cc26xx/mqtt_sn.o
 .text.mqtt_sn_init
                0x00001360       0xa8 obj_srf06-cc26xx/mqtt_sn.o
                0x00001360                mqtt_sn_init
 .text.fade     0x00001408       0x64 contiki-srf06-cc26xx.a(contiki-main.o)
 .text.startup.main
                0x0000146c      0x1fc contiki-srf06-cc26xx.a(contiki-main.o)
                0x0000146c                main
 .text.process_thread_sensors_process
                0x00001668       0xf8 contiki-srf06-cc26xx.a(sensors.o)
 .text.sensors_changed
                0x00001760       0x4c contiki-srf06-cc26xx.a(sensors.o)
                0x00001760                sensors_changed
 .text.leds_init
                0x000017ac       0x14 contiki-srf06-cc26xx.a(leds.o)
                0x000017ac                leds_init
 .text.leds_on  0x000017c0       0x14 contiki-srf06-cc26xx.a(leds.o)
                0x000017c0                leds_on
 .text.leds_off
                0x000017d4       0x14 contiki-srf06-cc26xx.a(leds.o)
                0x000017d4                leds_off
 .text.wakeup_handler
                0x000017e8       0x20 contiki-srf06-cc26xx.a(board.o)
 .text.board_init
                0x00001808       0x98 contiki-srf06-cc26xx.a(board.o)
                0x00001808                board_init
 .text.leds_arch_init
                0x000018a0       0x34 contiki-srf06-cc26xx.a(leds-arch.o)
                0x000018a0                leds_arch_init
 .text.leds_arch_set
                0x000018d4       0x2c contiki-srf06-cc26xx.a(leds-arch.o)
                0x000018d4                leds_arch_set
 .text.status.part.0
                0x00001900       0x14 contiki-srf06-cc26xx.a(button-sensor.o)
 .text.value_left
                0x00001914       0x24 contiki-srf06-cc26xx.a(button-sensor.o)
 .text.value_right
                0x00001938       0x18 contiki-srf06-cc26xx.a(button-sensor.o)
 .text.status_left
                0x00001950       0x10 contiki-srf06-cc26xx.a(button-sensor.o)
 .text.status_right
                0x00001960       0x10 contiki-srf06-cc26xx.a(button-sensor.o)
 .text.config_buttons
                0x00001970       0x84 contiki-srf06-cc26xx.a(button-sensor.o)
 .text.config_left
                0x000019f4        0xc contiki-srf06-cc26xx.a(button-sensor.o)
 .text.config_right
                0x00001a00        0xc contiki-srf06-cc26xx.a(button-sensor.o)
 .text.button_press_handler
                0x00001a0c       0x64 contiki-srf06-cc26xx.a(button-sensor.o)
 .text.verify_part
                0x00001a70       0x80 contiki-srf06-cc26xx.a(ext-flash.o)
 .text.wait_ready
                0x00001af0       0x64 contiki-srf06-cc26xx.a(ext-flash.o)
 .text.power_down
                0x00001b54       0x50 contiki-srf06-cc26xx.a(ext-flash.o)
 .text.ext_flash_open
                0x00001ba4       0x60 contiki-srf06-cc26xx.a(ext-flash.o)
                0x00001ba4                ext_flash_open
 .text.ext_flash_init
                0x00001c04       0x14 contiki-srf06-cc26xx.a(ext-flash.o)
                0x00001c04                ext_flash_init
 .text.accessible
                0x00001c18       0x24 contiki-srf06-cc26xx.a(board-spi.o)
 .text.board_spi_write
                0x00001c3c       0x3c contiki-srf06-cc26xx.a(board-spi.o)
                0x00001c3c                board_spi_write
 .text.board_spi_read
                0x00001c78       0x48 contiki-srf06-cc26xx.a(board-spi.o)
                0x00001c78                board_spi_read
 .text.board_spi_flush
                0x00001cc0       0x24 contiki-srf06-cc26xx.a(board-spi.o)
                0x00001cc0                board_spi_flush
 .text.board_spi_open
                0x00001ce4       0xc0 contiki-srf06-cc26xx.a(board-spi.o)
                0x00001ce4                board_spi_open
 .text.board_spi_close
                0x00001da4       0x70 contiki-srf06-cc26xx.a(board-spi.o)
                0x00001da4                board_spi_close
 .text.power_domain_on
                0x00001e14       0x20 contiki-srf06-cc26xx.a(clock.o)
 .text.clock_init
                0x00001e34       0x98 contiki-srf06-cc26xx.a(clock.o)
                0x00001e34                clock_init
 .text.clock_time
                0x00001ecc       0x34 contiki-srf06-cc26xx.a(clock.o)
                0x00001ecc                clock_time
 .text.clock_update
                0x00001f00       0x3c contiki-srf06-cc26xx.a(clock.o)
                0x00001f00                clock_update
 .text.clock_seconds
                0x00001f3c       0x18 contiki-srf06-cc26xx.a(clock.o)
                0x00001f3c                clock_seconds
 .text.soc_rtc_init
                0x00001f54       0xa0 contiki-srf06-cc26xx.a(soc-rtc.o)
                0x00001f54                soc_rtc_init
 .text.soc_rtc_schedule_one_shot
                0x00001ff4       0x6c contiki-srf06-cc26xx.a(soc-rtc.o)
                0x00001ff4                soc_rtc_schedule_one_shot
 .text.soc_rtc_last_isr_time
                0x00002060        0xc contiki-srf06-cc26xx.a(soc-rtc.o)
                0x00002060                soc_rtc_last_isr_time
 .text.AONRTCIntHandler
                0x0000206c       0x88 contiki-srf06-cc26xx.a(soc-rtc.o)
                0x0000206c                AONRTCIntHandler
 .text.watchdog_init
                0x000020f4       0x1c contiki-srf06-cc26xx.a(contiki-watchdo)
                0x000020f4                watchdog_init
 .text.watchdog_start
                0x00002110       0x68 contiki-srf06-cc26xx.a(contiki-watchdo)
                0x00002110                watchdog_start
 .text.watchdog_periodic
                0x00002178       0x1c contiki-srf06-cc26xx.a(contiki-watchdo)
                0x00002178                watchdog_periodic
 .text.putchar  0x00002194       0x10 contiki-srf06-cc26xx.a(putchar.o)
                0x00002194                putchar
 .text.puts     0x000021a4       0x30 contiki-srf06-cc26xx.a(putchar.o)
                0x000021a4                puts
 .text.dbg_send_bytes
                0x000021d4       0x40 contiki-srf06-cc26xx.a(putchar.o)
                0x000021d4                dbg_send_bytes
 .text.ieee_addr_cpy_to
                0x00002214       0x40 contiki-srf06-cc26xx.a(ieee-addr.o)
                0x00002214                ieee_addr_cpy_to
 .text.power_and_clock
                0x00002254       0x40 contiki-srf06-cc26xx.a(cc26xx-uart.o)
 .text.enable   0x00002294       0xf0 contiki-srf06-cc26xx.a(cc26xx-uart.o)
 .text.accessible
                0x00002384       0x24 contiki-srf06-cc26xx.a(cc26xx-uart.o)
 .text.lpm_drop_handler
                0x000023a8       0xc8 contiki-srf06-cc26xx.a(cc26xx-uart.o)
 .text.cc26xx_uart_init
                0x00002470       0x28 contiki-srf06-cc26xx.a(cc26xx-uart.o)
                0x00002470                cc26xx_uart_init
 .text.cc26xx_uart_write_byte
                0x00002498       0x28 contiki-srf06-cc26xx.a(cc26xx-uart.o)
                0x00002498                cc26xx_uart_write_byte
 .text.cc26xx_uart_busy
                0x000024c0       0x18 contiki-srf06-cc26xx.a(cc26xx-uart.o)
                0x000024c0                cc26xx_uart_busy
 .text.UART0IntHandler
                0x000024d8       0x54 contiki-srf06-cc26xx.a(cc26xx-uart.o)
                0x000024d8                UART0IntHandler
 .text.lpm_shutdown
                0x0000252c      0x198 contiki-srf06-cc26xx.a(lpm.o)
                0x0000252c                lpm_shutdown
 .text.lpm_sleep
                0x000026c4       0x14 contiki-srf06-cc26xx.a(lpm.o)
                0x000026c4                lpm_sleep
 .text.lpm_drop
                0x000026d8      0x258 contiki-srf06-cc26xx.a(lpm.o)
                0x000026d8                lpm_drop
 .text.lpm_register_module
                0x00002930        0xc contiki-srf06-cc26xx.a(lpm.o)
                0x00002930                lpm_register_module
 .text.lpm_unregister_module
                0x0000293c        0xc contiki-srf06-cc26xx.a(lpm.o)
                0x0000293c                lpm_unregister_module
 .text.lpm_init
                0x00002948       0x20 contiki-srf06-cc26xx.a(lpm.o)
                0x00002948                lpm_init
 .text.lpm_pin_set_default_state
                0x00002968       0x2c contiki-srf06-cc26xx.a(lpm.o)
                0x00002968                lpm_pin_set_default_state
 .text.gpio_interrupt_register_handler
                0x00002994       0x2c contiki-srf06-cc26xx.a(gpio-interrupt.)
                0x00002994                gpio_interrupt_register_handler
 .text.gpio_interrupt_init
                0x000029c0       0x24 contiki-srf06-cc26xx.a(gpio-interrupt.)
                0x000029c0                gpio_interrupt_init
 .text.GPIOIntHandler
                0x000029e4       0x30 contiki-srf06-cc26xx.a(gpio-interrupt.)
                0x000029e4                GPIOIntHandler
 .text.oscillators_select_lf_xosc
                0x00002a14       0x50 contiki-srf06-cc26xx.a(oscillators.o)
                0x00002a14                oscillators_select_lf_xosc
 .text.oscillators_select_lf_rcosc
                0x00002a64       0x3c contiki-srf06-cc26xx.a(oscillators.o)
                0x00002a64                oscillators_select_lf_rcosc
 .text.oscillators_request_hf_xosc
                0x00002aa0       0x30 contiki-srf06-cc26xx.a(oscillators.o)
                0x00002aa0                oscillators_request_hf_xosc
 .text.oscillators_switch_to_hf_xosc
                0x00002ad0       0x34 contiki-srf06-cc26xx.a(oscillators.o)
                0x00002ad0                oscillators_switch_to_hf_xosc
 .text.oscillators_switch_to_hf_rc
                0x00002b04       0x38 contiki-srf06-cc26xx.a(oscillators.o)
                0x00002b04                oscillators_switch_to_hf_rc
 .text.request  0x00002b3c       0x20 contiki-srf06-cc26xx.a(ieee-mode.o)
 .text.rx_on    0x00002b5c       0x60 contiki-srf06-cc26xx.a(ieee-mode.o)
 .text.prepare  0x00002bbc       0x1c contiki-srf06-cc26xx.a(ieee-mode.o)
 .text.check_rat_overflow
                0x00002bd8       0x68 contiki-srf06-cc26xx.a(ieee-mode.o)
 .text.rf_radio_setup
                0x00002c40       0x74 contiki-srf06-cc26xx.a(ieee-mode.o)
 .text.soft_on  0x00002cb4       0x18 contiki-srf06-cc26xx.a(ieee-mode.o)
 .text.pending_packet
                0x00002ccc       0x48 contiki-srf06-cc26xx.a(ieee-mode.o)
 .text.soft_off
                0x00002d14       0x3c contiki-srf06-cc26xx.a(ieee-mode.o)
 .text.get_object
                0x00002d50       0x4c contiki-srf06-cc26xx.a(ieee-mode.o)
 .text.transmitting.part.1
                0x00002d9c       0x40 contiki-srf06-cc26xx.a(ieee-mode.o)
 .text.rx_off   0x00002ddc       0x64 contiki-srf06-cc26xx.a(ieee-mode.o)
 .text.get_cca_info
                0x00002e40       0x44 contiki-srf06-cc26xx.a(ieee-mode.o)
 .text.set_object
                0x00002e84       0x50 contiki-srf06-cc26xx.a(ieee-mode.o)
 .text.receiving_packet
                0x00002ed4       0x3c contiki-srf06-cc26xx.a(ieee-mode.o)
 .text.off.part.6
                0x00002f10       0x6c contiki-srf06-cc26xx.a(ieee-mode.o)
 .text.off      0x00002f7c       0x14 contiki-srf06-cc26xx.a(ieee-mode.o)
 .text.on       0x00002f90       0xa8 contiki-srf06-cc26xx.a(ieee-mode.o)
 .text.set_value
                0x00003038      0x188 contiki-srf06-cc26xx.a(ieee-mode.o)
 .text.get_value
                0x000031c0      0x180 contiki-srf06-cc26xx.a(ieee-mode.o)
 .text.transmit
                0x00003340      0x114 contiki-srf06-cc26xx.a(ieee-mode.o)
 .text.send     0x00003454       0x24 contiki-srf06-cc26xx.a(ieee-mode.o)
 .text.channel_clear
                0x00003478       0x84 contiki-srf06-cc26xx.a(ieee-mode.o)
 .text.read_frame
                0x000034fc      0x15c contiki-srf06-cc26xx.a(ieee-mode.o)
 .text.handle_rat_overflow
                0x00003658       0x50 contiki-srf06-cc26xx.a(ieee-mode.o)
 .text.init     0x000036a8       0xfc contiki-srf06-cc26xx.a(ieee-mode.o)
 .text.random_rand
                0x000037a4        0xc contiki-srf06-cc26xx.a(random.o)
                0x000037a4                random_rand
 .text.random_init
                0x000037b0        0x4 contiki-srf06-cc26xx.a(random.o)
                0x000037b0                random_init
 .text.power_up
                0x000037b4       0x40 contiki-srf06-cc26xx.a(soc-trng.o)
 .text.request  0x000037f4       0x14 contiki-srf06-cc26xx.a(soc-trng.o)
 .text.process_thread_soc_trng_process
                0x00003808       0x94 contiki-srf06-cc26xx.a(soc-trng.o)
 .text.accessible
                0x0000389c       0x24 contiki-srf06-cc26xx.a(soc-trng.o)
 .text.soc_trng_rand_synchronous
                0x000038c0       0xc4 contiki-srf06-cc26xx.a(soc-trng.o)
                0x000038c0                soc_trng_rand_synchronous
 .text.TRNGIntHandler
                0x00003984       0x50 contiki-srf06-cc26xx.a(soc-trng.o)
                0x00003984                TRNGIntHandler
 .text.soc_trng_init
                0x000039d4       0x28 contiki-srf06-cc26xx.a(soc-trng.o)
                0x000039d4                soc_trng_init
 .text.write_str
                0x000039fc       0x14 contiki-srf06-cc26xx.a(dbg-printf.o)
 .text.printf   0x00003a10       0x24 contiki-srf06-cc26xx.a(dbg-printf.o)
                0x00003a10                printf
 .text.buffer_str
                0x00003a34       0x18 contiki-srf06-cc26xx.a(dbg-sprintf.o)
 .text.sprintf  0x00003a4c       0x34 contiki-srf06-cc26xx.a(dbg-sprintf.o)
                0x00003a4c                sprintf
 .text.fill_space
                0x00003a80       0x3c contiki-srf06-cc26xx.a(strformat.o)
 .text.format_str_v
                0x00003abc      0x95c contiki-srf06-cc26xx.a(strformat.o)
                0x00003abc                format_str_v
 .text.autostart_start
                0x00004418       0x18 contiki-srf06-cc26xx.a(autostart.o)
                0x00004418                autostart_start
 .text.energest_init
                0x00004430        0x4 contiki-srf06-cc26xx.a(energest.o)
                0x00004430                energest_init
 .text.process_thread_ctimer_process
                0x00004434       0x94 contiki-srf06-cc26xx.a(ctimer.o)
 .text.ctimer_init
                0x000044c8       0x28 contiki-srf06-cc26xx.a(ctimer.o)
                0x000044c8                ctimer_init
 .text.ctimer_set_with_process
                0x000044f0       0x4c contiki-srf06-cc26xx.a(ctimer.o)
                0x000044f0                ctimer_set_with_process
 .text.ctimer_set
                0x0000453c       0x18 contiki-srf06-cc26xx.a(ctimer.o)
                0x0000453c                ctimer_set
 .text.ctimer_reset
                0x00004554       0x38 contiki-srf06-cc26xx.a(ctimer.o)
                0x00004554                ctimer_reset
 .text.ctimer_restart
                0x0000458c       0x38 contiki-srf06-cc26xx.a(ctimer.o)
                0x0000458c                ctimer_restart
 .text.ctimer_stop
                0x000045c4       0x34 contiki-srf06-cc26xx.a(ctimer.o)
                0x000045c4                ctimer_stop
 .text.update_time
                0x000045f8       0x44 contiki-srf06-cc26xx.a(etimer.o)
 .text.process_thread_etimer_process
                0x0000463c       0xc8 contiki-srf06-cc26xx.a(etimer.o)
 .text.add_timer
                0x00004704       0x54 contiki-srf06-cc26xx.a(etimer.o)
 .text.etimer_request_poll
                0x00004758        0xc contiki-srf06-cc26xx.a(etimer.o)
                0x00004758                etimer_request_poll
 .text.etimer_set
                0x00004764       0x14 contiki-srf06-cc26xx.a(etimer.o)
                0x00004764                etimer_set
 .text.etimer_reset
                0x00004778       0x14 contiki-srf06-cc26xx.a(etimer.o)
                0x00004778                etimer_reset
 .text.etimer_restart
                0x0000478c       0x14 contiki-srf06-cc26xx.a(etimer.o)
                0x0000478c                etimer_restart
 .text.etimer_expired
                0x000047a0        0xc contiki-srf06-cc26xx.a(etimer.o)
                0x000047a0                etimer_expired
 .text.etimer_expiration_time
                0x000047ac        0x8 contiki-srf06-cc26xx.a(etimer.o)
                0x000047ac                etimer_expiration_time
 .text.etimer_pending
                0x000047b4       0x10 contiki-srf06-cc26xx.a(etimer.o)
                0x000047b4                etimer_pending
 .text.etimer_next_expiration_time
                0x000047c4       0x14 contiki-srf06-cc26xx.a(etimer.o)
                0x000047c4                etimer_next_expiration_time
 .text.etimer_stop
                0x000047d8       0x44 contiki-srf06-cc26xx.a(etimer.o)
                0x000047d8                etimer_stop
 .text.exit_process
                0x0000481c       0xb0 contiki-srf06-cc26xx.a(process.o)
 .text.call_process.part.0
                0x000048cc       0x38 contiki-srf06-cc26xx.a(process.o)
 .text.do_poll  0x00004904       0x3c contiki-srf06-cc26xx.a(process.o)
 .text.process_alloc_event
                0x00004940       0x10 contiki-srf06-cc26xx.a(process.o)
                0x00004940                process_alloc_event
 .text.process_start
                0x00004950       0x48 contiki-srf06-cc26xx.a(process.o)
                0x00004950                process_start
 .text.process_init
                0x00004998       0x34 contiki-srf06-cc26xx.a(process.o)
                0x00004998                process_init
 .text.process_run
                0x000049cc       0xa8 contiki-srf06-cc26xx.a(process.o)
                0x000049cc                process_run
 .text.process_nevents
                0x00004a74       0x14 contiki-srf06-cc26xx.a(process.o)
                0x00004a74                process_nevents
 .text.process_post
                0x00004a88       0x40 contiki-srf06-cc26xx.a(process.o)
                0x00004a88                process_post
 .text.process_post_synch
                0x00004ac8       0x18 contiki-srf06-cc26xx.a(process.o)
                0x00004ac8                process_post_synch
 .text.process_poll
                0x00004ae0       0x18 contiki-srf06-cc26xx.a(process.o)
                0x00004ae0                process_poll
 .text.rtimer_init
                0x00004af8        0x4 contiki-srf06-cc26xx.a(rtimer.o)
                0x00004af8                rtimer_init
 .text.rtimer_run_next
                0x00004afc       0x28 contiki-srf06-cc26xx.a(rtimer.o)
                0x00004afc                rtimer_run_next
 .text.timer_set
                0x00004b24       0x10 contiki-srf06-cc26xx.a(timer.o)
                0x00004b24                timer_set
 .text.timer_reset
                0x00004b34        0xc contiki-srf06-cc26xx.a(timer.o)
                0x00004b34                timer_reset
 .text.timer_restart
                0x00004b40        0xc contiki-srf06-cc26xx.a(timer.o)
                0x00004b40                timer_restart
 .text.timer_expired
                0x00004b4c       0x1c contiki-srf06-cc26xx.a(timer.o)
                0x00004b4c                timer_expired
 .text.process_thread_serial_line_process
                0x00004b68       0xa8 contiki-srf06-cc26xx.a(serial-line.o)
 .text.serial_line_init
                0x00004c10       0x24 contiki-srf06-cc26xx.a(serial-line.o)
                0x00004c10                serial_line_init
 .text.list_init
                0x00004c34        0x8 contiki-srf06-cc26xx.a(list.o)
                0x00004c34                list_init
 .text.list_head
                0x00004c3c        0x4 contiki-srf06-cc26xx.a(list.o)
                0x00004c3c                list_head
 .text.list_add
                0x00004c40       0x5c contiki-srf06-cc26xx.a(list.o)
                0x00004c40                list_add
 .text.list_push
                0x00004c9c       0x48 contiki-srf06-cc26xx.a(list.o)
                0x00004c9c                list_push
 .text.list_remove
                0x00004ce4       0x38 contiki-srf06-cc26xx.a(list.o)
                0x00004ce4                list_remove
 .text.list_length
                0x00004d1c       0x14 contiki-srf06-cc26xx.a(list.o)
                0x00004d1c                list_length
 .text.list_item_next
                0x00004d30        0x8 contiki-srf06-cc26xx.a(list.o)
                0x00004d30                list_item_next
 .text.ringbuf_init
                0x00004d38       0x10 contiki-srf06-cc26xx.a(ringbuf.o)
                0x00004d38                ringbuf_init
 .text.ringbuf_get
                0x00004d48       0x24 contiki-srf06-cc26xx.a(ringbuf.o)
                0x00004d48                ringbuf_get
 .text.chksum   0x00004d6c       0x50 contiki-srf06-cc26xx.a(uip6.o)
 .text.upper_layer_chksum
                0x00004dbc       0x58 contiki-srf06-cc26xx.a(uip6.o)
 .text.ext_hdr_options_process
                0x00004e14       0xd4 contiki-srf06-cc26xx.a(uip6.o)
 .text.uip_icmp6chksum
                0x00004ee8        0x8 contiki-srf06-cc26xx.a(uip6.o)
                0x00004ee8                uip_icmp6chksum
 .text.uip_init
                0x00004ef0       0x30 contiki-srf06-cc26xx.a(uip6.o)
                0x00004ef0                uip_init
 .text.remove_ext_hdr
                0x00004f20       0x54 contiki-srf06-cc26xx.a(uip6.o)
                0x00004f20                remove_ext_hdr
 .text.uip_udp_new
                0x00004f74       0x90 contiki-srf06-cc26xx.a(uip6.o)
                0x00004f74                uip_udp_new
 .text.uip_process
                0x00005004      0x540 contiki-srf06-cc26xx.a(uip6.o)
                0x00005004                uip_process
 .text.uip_htons
                0x00005544        0x8 contiki-srf06-cc26xx.a(uip6.o)
                0x00005544                uip_htons
 .text.uip_htonl
                0x0000554c       0x14 contiki-srf06-cc26xx.a(uip6.o)
                0x0000554c                uip_htonl
 .text.uip_nd6_init
                0x00005560        0x4 contiki-srf06-cc26xx.a(uip-nd6.o)
                0x00005560                uip_nd6_init
 .text.sicslowpan_init
                0x00005564       0x24 contiki-srf06-cc26xx.a(sicslowpan.o)
                0x00005564                sicslowpan_init
 .text.compress_addr_64
                0x00005588       0x9c contiki-srf06-cc26xx.a(sicslowpan.o)
 .text.set_packet_attrs
                0x00005624       0x50 contiki-srf06-cc26xx.a(sicslowpan.o)
 .text.addr_context_lookup_by_prefix
                0x00005674       0x28 contiki-srf06-cc26xx.a(sicslowpan.o)
 .text.send_packet
                0x0000569c       0x24 contiki-srf06-cc26xx.a(sicslowpan.o)
 .text.packet_sent
                0x000056c0       0x28 contiki-srf06-cc26xx.a(sicslowpan.o)
 .text.store_fragment
                0x000056e8       0x68 contiki-srf06-cc26xx.a(sicslowpan.o)
 .text.add_fragment
                0x00005750      0x17c contiki-srf06-cc26xx.a(sicslowpan.o)
 .text.uncompress_addr
                0x000058cc       0xb8 contiki-srf06-cc26xx.a(sicslowpan.o)
 .text.input    0x00005984      0x68c contiki-srf06-cc26xx.a(sicslowpan.o)
 .text.output   0x00006010      0x6fc contiki-srf06-cc26xx.a(sicslowpan.o)
 .text.uip_debug_ipaddr_print
                0x0000670c       0xb0 contiki-srf06-cc26xx.a(uip-debug.o)
                0x0000670c                uip_debug_ipaddr_print
 .text.tcpip_set_outputfunc
                0x000067bc        0xc contiki-srf06-cc26xx.a(tcpip.o)
                0x000067bc                tcpip_set_outputfunc
 .text.udp_new  0x000067c8       0x18 contiki-srf06-cc26xx.a(tcpip.o)
                0x000067c8                udp_new
 .text.tcpip_icmp6_call
                0x000067e0       0x28 contiki-srf06-cc26xx.a(tcpip.o)
                0x000067e0                tcpip_icmp6_call
 .text.tcpip_input
                0x00006808       0x24 contiki-srf06-cc26xx.a(tcpip.o)
                0x00006808                tcpip_input
 .text.tcpip_ipv6_output
                0x0000682c       0xbc contiki-srf06-cc26xx.a(tcpip.o)
                0x0000682c                tcpip_ipv6_output
 .text.process_thread_tcpip_process
                0x000068e8       0xe0 contiki-srf06-cc26xx.a(tcpip.o)
 .text.tcpip_uipcall
                0x000069c8       0x2c contiki-srf06-cc26xx.a(tcpip.o)
                0x000069c8                tcpip_uipcall
 .text.process_thread_simple_udp_process
                0x000069f4       0xb0 contiki-srf06-cc26xx.a(simple-udp.o)
 .text.simple_udp_send
                0x00006aa4       0x24 contiki-srf06-cc26xx.a(simple-udp.o)
                0x00006aa4                simple_udp_send
 .text.simple_udp_register
                0x00006ac8       0x78 contiki-srf06-cc26xx.a(simple-udp.o)
                0x00006ac8                simple_udp_register
 .text.update_hbh_header
                0x00006b40       0xd0 contiki-srf06-cc26xx.a(rpl-ext-header.)
 .text.insert_hbh_header.isra.0
                0x00006c10       0xb0 contiki-srf06-cc26xx.a(rpl-ext-header.)
 .text.rpl_verify_hbh_header
                0x00006cc0       0xf0 contiki-srf06-cc26xx.a(rpl-ext-header.)
                0x00006cc0                rpl_verify_hbh_header
 .text.rpl_remove_header
                0x00006db0       0x80 contiki-srf06-cc26xx.a(rpl-ext-header.)
                0x00006db0                rpl_remove_header
 .text.rpl_update_header
                0x00006e30       0x68 contiki-srf06-cc26xx.a(rpl-ext-header.)
                0x00006e30                rpl_update_header
 .text.rpl_get_mode
                0x00006e98        0xc contiki-srf06-cc26xx.a(rpl.o)
                0x00006e98                rpl_get_mode
 .text.rpl_purge_routes
                0x00006ea4       0x7c contiki-srf06-cc26xx.a(rpl.o)
                0x00006ea4                rpl_purge_routes
 .text.rpl_remove_routes
                0x00006f20       0x24 contiki-srf06-cc26xx.a(rpl.o)
                0x00006f20                rpl_remove_routes
 .text.rpl_remove_routes_by_nexthop
                0x00006f44       0x34 contiki-srf06-cc26xx.a(rpl.o)
                0x00006f44                rpl_remove_routes_by_nexthop
 .text.rpl_add_route
                0x00006f78       0x34 contiki-srf06-cc26xx.a(rpl.o)
                0x00006f78                rpl_add_route
 .text.rpl_link_neighbor_callback
                0x00006fac       0x60 contiki-srf06-cc26xx.a(rpl.o)
                0x00006fac                rpl_link_neighbor_callback
 .text.rpl_ipv6_neighbor_callback
                0x0000700c       0x30 contiki-srf06-cc26xx.a(rpl.o)
                0x0000700c                rpl_ipv6_neighbor_callback
 .text.rpl_purge_dags
                0x0000703c       0x40 contiki-srf06-cc26xx.a(rpl.o)
                0x0000703c                rpl_purge_dags
 .text.rpl_init
                0x0000707c       0x4c contiki-srf06-cc26xx.a(rpl.o)
                0x0000707c                rpl_init
 .text.dao_ack_input
                0x000070c8       0x14 contiki-srf06-cc26xx.a(rpl-icmp6.o)
 .text.dao_output_target_seq
                0x000070dc      0x120 contiki-srf06-cc26xx.a(rpl-icmp6.o)
 .text.dio_input
                0x000071fc      0x2a8 contiki-srf06-cc26xx.a(rpl-icmp6.o)
 .text.rpl_icmp6_update_nbr_table
                0x000074a4       0x38 contiki-srf06-cc26xx.a(rpl-icmp6.o)
                0x000074a4                rpl_icmp6_update_nbr_table
 .text.dao_input
                0x000074dc      0x2c0 contiki-srf06-cc26xx.a(rpl-icmp6.o)
 .text.dis_output
                0x0000779c       0x58 contiki-srf06-cc26xx.a(rpl-icmp6.o)
                0x0000779c                dis_output
 .text.dio_output
                0x000077f4      0x2b0 contiki-srf06-cc26xx.a(rpl-icmp6.o)
                0x000077f4                dio_output
 .text.dis_input
                0x00007aa4       0x54 contiki-srf06-cc26xx.a(rpl-icmp6.o)
 .text.dao_output
                0x00007af8       0x90 contiki-srf06-cc26xx.a(rpl-icmp6.o)
                0x00007af8                dao_output
 .text.dao_output_target
                0x00007b88        0xc contiki-srf06-cc26xx.a(rpl-icmp6.o)
                0x00007b88                dao_output_target
 .text.rpl_icmp6_register_handlers
                0x00007b94       0x30 contiki-srf06-cc26xx.a(rpl-icmp6.o)
                0x00007b94                rpl_icmp6_register_handlers
 .text.rpl_set_preferred_parent
                0x00007bc4       0x2c contiki-srf06-cc26xx.a(rpl-dag.o)
 .text.set_ip_from_prefix
                0x00007bf0       0x24 contiki-srf06-cc26xx.a(rpl-dag.o)
 .text.check_prefix
                0x00007c14       0x78 contiki-srf06-cc26xx.a(rpl-dag.o)
 .text.find_parent_any_dag_any_instance
                0x00007c8c       0x1c contiki-srf06-cc26xx.a(rpl-dag.o)
 .text.lollipop_greater_than
                0x00007ca8       0x3c contiki-srf06-cc26xx.a(rpl-dag.o)
 .text.rpl_dag_init
                0x00007ce4       0x14 contiki-srf06-cc26xx.a(rpl-dag.o)
                0x00007ce4                rpl_dag_init
 .text.rpl_get_parent
                0x00007cf8       0x10 contiki-srf06-cc26xx.a(rpl-dag.o)
                0x00007cf8                rpl_get_parent
 .text.rpl_rank_via_parent
                0x00007d08       0x1c contiki-srf06-cc26xx.a(rpl-dag.o)
                0x00007d08                rpl_rank_via_parent
 .text.rpl_get_parent_ipaddr
                0x00007d24       0x18 contiki-srf06-cc26xx.a(rpl-dag.o)
                0x00007d24                rpl_get_parent_ipaddr
 .text.rpl_get_parent_link_stats
                0x00007d3c       0x18 contiki-srf06-cc26xx.a(rpl-dag.o)
                0x00007d3c                rpl_get_parent_link_stats
 .text.best_parent
                0x00007d54       0x8c contiki-srf06-cc26xx.a(rpl-dag.o)
 .text.rpl_parent_is_fresh
                0x00007de0       0x10 contiki-srf06-cc26xx.a(rpl-dag.o)
                0x00007de0                rpl_parent_is_fresh
 .text.rpl_parent_is_reachable
                0x00007df0       0x40 contiki-srf06-cc26xx.a(rpl-dag.o)
                0x00007df0                rpl_parent_is_reachable
 .text.rpl_repair_root
                0x00007e30       0x60 contiki-srf06-cc26xx.a(rpl-dag.o)
                0x00007e30                rpl_repair_root
 .text.rpl_set_prefix
                0x00007e90       0x94 contiki-srf06-cc26xx.a(rpl-dag.o)
                0x00007e90                rpl_set_prefix
 .text.rpl_set_default_route
                0x00007f24       0x30 contiki-srf06-cc26xx.a(rpl-dag.o)
                0x00007f24                rpl_set_default_route
 .text.rpl_alloc_instance
                0x00007f54       0x34 contiki-srf06-cc26xx.a(rpl-dag.o)
                0x00007f54                rpl_alloc_instance
 .text.rpl_alloc_dag
                0x00007f88       0x5c contiki-srf06-cc26xx.a(rpl-dag.o)
                0x00007f88                rpl_alloc_dag
 .text.rpl_add_parent
                0x00007fe4       0x30 contiki-srf06-cc26xx.a(rpl-dag.o)
                0x00007fe4                rpl_add_parent
 .text.rpl_find_parent
                0x00008014       0x18 contiki-srf06-cc26xx.a(rpl-dag.o)
                0x00008014                rpl_find_parent
 .text.rpl_find_parent_any_dag
                0x0000802c       0x20 contiki-srf06-cc26xx.a(rpl-dag.o)
                0x0000802c                rpl_find_parent_any_dag
 .text.rpl_select_parent
                0x0000804c       0x58 contiki-srf06-cc26xx.a(rpl-dag.o)
                0x0000804c                rpl_select_parent
 .text.rpl_select_dag
                0x000080a4      0x184 contiki-srf06-cc26xx.a(rpl-dag.o)
                0x000080a4                rpl_select_dag
 .text.rpl_nullify_parent
                0x00008228       0x58 contiki-srf06-cc26xx.a(rpl-dag.o)
                0x00008228                rpl_nullify_parent
 .text.rpl_remove_parent
                0x00008280       0x1c contiki-srf06-cc26xx.a(rpl-dag.o)
                0x00008280                rpl_remove_parent
 .text.nbr_callback
                0x0000829c        0x4 contiki-srf06-cc26xx.a(rpl-dag.o)
 .text.remove_parents.constprop.7
                0x000082a0       0x48 contiki-srf06-cc26xx.a(rpl-dag.o)
 .text.rpl_free_dag
                0x000082e8       0x3c contiki-srf06-cc26xx.a(rpl-dag.o)
                0x000082e8                rpl_free_dag
 .text.rpl_move_parent
                0x00008324       0x58 contiki-srf06-cc26xx.a(rpl-dag.o)
                0x00008324                rpl_move_parent
 .text.rpl_get_any_dag
                0x0000837c       0x18 contiki-srf06-cc26xx.a(rpl-dag.o)
                0x0000837c                rpl_get_any_dag
 .text.rpl_get_instance
                0x00008394       0x20 contiki-srf06-cc26xx.a(rpl-dag.o)
                0x00008394                rpl_get_instance
 .text.rpl_join_instance
                0x000083b4      0x14c contiki-srf06-cc26xx.a(rpl-dag.o)
                0x000083b4                rpl_join_instance
 .text.rpl_local_repair
                0x00008500       0x88 contiki-srf06-cc26xx.a(rpl-dag.o)
                0x00008500                rpl_local_repair
 .text.rpl_process_parent_event
                0x00008588       0x9c contiki-srf06-cc26xx.a(rpl-dag.o)
                0x00008588                rpl_process_parent_event
 .text.rpl_add_dag
                0x00008624      0x14c contiki-srf06-cc26xx.a(rpl-dag.o)
                0x00008624                rpl_add_dag
 .text.rpl_recalculate_ranks
                0x00008770       0x50 contiki-srf06-cc26xx.a(rpl-dag.o)
                0x00008770                rpl_recalculate_ranks
 .text.rpl_process_dio
                0x000087c0      0x330 contiki-srf06-cc26xx.a(rpl-dag.o)
                0x000087c0                rpl_process_dio
 .text.NOROM_SetupGetTrimForXoscHfCtl.part.3
                0x00008af0       0x20 contiki-srf06-cc26xx.a(setup.o)
 .text.NOROM_SetupGetTrimForRadcExtCfg.part.4
                0x00008b10       0x1c contiki-srf06-cc26xx.a(setup.o)
 .text.NOROM_SetupAfterColdResetWakeupFromShutDownCfg1
                0x00008b2c       0x7c contiki-srf06-cc26xx.a(setup.o)
                0x00008b2c                NOROM_SetupAfterColdResetWakeupFromShutDownCfg1
 .text.NOROM_SetupAfterColdResetWakeupFromShutDownCfg3
                0x00008ba8      0x1a0 contiki-srf06-cc26xx.a(setup.o)
                0x00008ba8                NOROM_SetupAfterColdResetWakeupFromShutDownCfg3
 .text.NOROM_SetupGetTrimForAnabypassValue1
                0x00008d48       0x64 contiki-srf06-cc26xx.a(setup.o)
                0x00008d48                NOROM_SetupGetTrimForAnabypassValue1
 .text.NOROM_SetupGetTrimForAmpcompCtrl
                0x00008dac       0x74 contiki-srf06-cc26xx.a(setup.o)
                0x00008dac                NOROM_SetupGetTrimForAmpcompCtrl
 .text.NOROM_SetupAfterColdResetWakeupFromShutDownCfg2
                0x00008e20      0x194 contiki-srf06-cc26xx.a(setup.o)
                0x00008e20                NOROM_SetupAfterColdResetWakeupFromShutDownCfg2
 .text.TrimAfterColdResetWakeupFromShutDown
                0x00008fb4       0xe4 contiki-srf06-cc26xx.a(setup.o)
 .text.NOROM_SetupSignExtendVddrTrimValue
                0x00009098        0x8 contiki-srf06-cc26xx.a(setup.o)
                0x00009098                NOROM_SetupSignExtendVddrTrimValue
 .text.NOROM_SetupSetCacheModeAccordingToCcfgSetting
                0x000090a0       0x68 contiki-srf06-cc26xx.a(setup.o)
                0x000090a0                NOROM_SetupSetCacheModeAccordingToCcfgSetting
 .text.NOROM_SetupTrimDevice
                0x00009108       0xa4 contiki-srf06-cc26xx.a(setup.o)
                0x00009108                NOROM_SetupTrimDevice
 .text.NOROM_SysCtrlSetRechargeBeforePowerDown
                0x000091ac      0x25c contiki-srf06-cc26xx.a(sys_ctrl.o)
                0x000091ac                NOROM_SysCtrlSetRechargeBeforePowerDown
 .text.NOROM_SysCtrlAdjustRechargeAfterPowerDown
                0x00009408       0x70 contiki-srf06-cc26xx.a(sys_ctrl.o)
                0x00009408                NOROM_SysCtrlAdjustRechargeAfterPowerDown
 .text.NOROM_SysCtrl_DCDC_VoltageConditionalControl
                0x00009478       0x7c contiki-srf06-cc26xx.a(sys_ctrl.o)
                0x00009478                NOROM_SysCtrl_DCDC_VoltageConditionalControl
 .text.NOROM_ChipInfo_GetChipFamily
                0x000094f4       0x4c contiki-srf06-cc26xx.a(chipinfo.o)
                0x000094f4                NOROM_ChipInfo_GetChipFamily
 .text.NOROM_ChipInfo_GetChipType
                0x00009540       0x50 contiki-srf06-cc26xx.a(chipinfo.o)
                0x00009540                NOROM_ChipInfo_GetChipType
 .text.NOROM_ChipInfo_GetHwRevision
                0x00009590       0x6c contiki-srf06-cc26xx.a(chipinfo.o)
                0x00009590                NOROM_ChipInfo_GetHwRevision
 .text.NOROM_ThisCodeIsBuiltForCC26xxHwRev22AndLater_HaltIfViolated
                0x000095fc       0x14 contiki-srf06-cc26xx.a(chipinfo.o)
                0x000095fc                NOROM_ThisCodeIsBuiltForCC26xxHwRev22AndLater_HaltIfViolated
 .text.SafeHapiVoid
                0x00009610       0x2c contiki-srf06-cc26xx.a(adi.o)
                0x00009610                SafeHapiVoid
 .text.NOROM_PowerCtrlSourceSet
                0x0000963c       0x30 contiki-srf06-cc26xx.a(pwr_ctrl.o)
                0x0000963c                NOROM_PowerCtrlSourceSet
 .text.NOROM_CPUcpsid
                0x0000966c        0x8 contiki-srf06-cc26xx.a(cpu.o)
                0x0000966c                NOROM_CPUcpsid
 .text.NOROM_CPUcpsie
                0x00009674        0x8 contiki-srf06-cc26xx.a(cpu.o)
                0x00009674                NOROM_CPUcpsie
 .text.NOROM_TRNGConfigure
                0x0000967c       0x38 contiki-srf06-cc26xx.a(trng.o)
                0x0000967c                NOROM_TRNGConfigure
 .text.NOROM_DDI32RegWrite
                0x000096b4       0x34 contiki-srf06-cc26xx.a(ddi.o)
                0x000096b4                NOROM_DDI32RegWrite
 .text.NOROM_DDI16BitfieldWrite
                0x000096e8       0x4c contiki-srf06-cc26xx.a(ddi.o)
                0x000096e8                NOROM_DDI16BitfieldWrite
 .text.NOROM_DDI16BitfieldRead
                0x00009734       0x4c contiki-srf06-cc26xx.a(ddi.o)
                0x00009734                NOROM_DDI16BitfieldRead
 .text.NOROM_AONRTCCurrentCompareValueGet
                0x00009780       0x24 contiki-srf06-cc26xx.a(aon_rtc.o)
                0x00009780                NOROM_AONRTCCurrentCompareValueGet
 .text.NOROM_OSCClockSourceSet
                0x000097a4       0x50 contiki-srf06-cc26xx.a(osc.o)
                0x000097a4                NOROM_OSCClockSourceSet
 .text.NOROM_OSCClockSourceGet
                0x000097f4       0x20 contiki-srf06-cc26xx.a(osc.o)
                0x000097f4                NOROM_OSCClockSourceGet
 .text.queuebuf_init
                0x00009814       0x1c contiki-srf06-cc26xx.a(queuebuf.o)
                0x00009814                queuebuf_init
 .text.queuebuf_numfree
                0x00009830        0xc contiki-srf06-cc26xx.a(queuebuf.o)
                0x00009830                queuebuf_numfree
 .text.queuebuf_new_from_packetbuf
                0x0000983c       0x48 contiki-srf06-cc26xx.a(queuebuf.o)
                0x0000983c                queuebuf_new_from_packetbuf
 .text.queuebuf_free
                0x00009884       0x2c contiki-srf06-cc26xx.a(queuebuf.o)
                0x00009884                queuebuf_free
 .text.queuebuf_to_packetbuf
                0x000098b0       0x30 contiki-srf06-cc26xx.a(queuebuf.o)
                0x000098b0                queuebuf_to_packetbuf
 .text.index_from_lladdr
                0x000098e0       0x50 contiki-srf06-cc26xx.a(nbr-table.o)
 .text.remove_key
                0x00009930       0x9c contiki-srf06-cc26xx.a(nbr-table.o)
 .text.nbr_table_register
                0x000099cc       0x2c contiki-srf06-cc26xx.a(nbr-table.o)
                0x000099cc                nbr_table_register
 .text.nbr_table_next
                0x000099f8       0x7c contiki-srf06-cc26xx.a(nbr-table.o)
                0x000099f8                nbr_table_next
 .text.nbr_table_head
                0x00009a74       0x70 contiki-srf06-cc26xx.a(nbr-table.o)
                0x00009a74                nbr_table_head
 .text.nbr_table_add_lladdr
                0x00009ae4      0x15c contiki-srf06-cc26xx.a(nbr-table.o)
                0x00009ae4                nbr_table_add_lladdr
 .text.nbr_table_get_from_lladdr
                0x00009c40       0x44 contiki-srf06-cc26xx.a(nbr-table.o)
                0x00009c40                nbr_table_get_from_lladdr
 .text.nbr_table_remove
                0x00009c84       0x5c contiki-srf06-cc26xx.a(nbr-table.o)
                0x00009c84                nbr_table_remove
 .text.nbr_table_lock
                0x00009ce0       0x34 contiki-srf06-cc26xx.a(nbr-table.o)
                0x00009ce0                nbr_table_lock
 .text.nbr_table_unlock
                0x00009d14       0x38 contiki-srf06-cc26xx.a(nbr-table.o)
                0x00009d14                nbr_table_unlock
 .text.nbr_table_get_lladdr
                0x00009d4c       0x30 contiki-srf06-cc26xx.a(nbr-table.o)
                0x00009d4c                nbr_table_get_lladdr
 .text.packetbuf_copyto
                0x00009d7c       0x50 contiki-srf06-cc26xx.a(packetbuf.o)
                0x00009d7c                packetbuf_copyto
 .text.packetbuf_hdralloc
                0x00009dcc       0x54 contiki-srf06-cc26xx.a(packetbuf.o)
                0x00009dcc                packetbuf_hdralloc
 .text.packetbuf_hdrreduce
                0x00009e20       0x2c contiki-srf06-cc26xx.a(packetbuf.o)
                0x00009e20                packetbuf_hdrreduce
 .text.packetbuf_set_datalen
                0x00009e4c        0xc contiki-srf06-cc26xx.a(packetbuf.o)
                0x00009e4c                packetbuf_set_datalen
 .text.packetbuf_dataptr
                0x00009e58       0x20 contiki-srf06-cc26xx.a(packetbuf.o)
                0x00009e58                packetbuf_dataptr
 .text.packetbuf_hdrptr
                0x00009e78        0x8 contiki-srf06-cc26xx.a(packetbuf.o)
                0x00009e78                packetbuf_hdrptr
 .text.packetbuf_datalen
                0x00009e80        0xc contiki-srf06-cc26xx.a(packetbuf.o)
                0x00009e80                packetbuf_datalen
 .text.packetbuf_totlen
                0x00009e8c       0x24 contiki-srf06-cc26xx.a(packetbuf.o)
                0x00009e8c                packetbuf_totlen
 .text.packetbuf_attr_clear
                0x00009eb0       0x34 contiki-srf06-cc26xx.a(packetbuf.o)
                0x00009eb0                packetbuf_attr_clear
 .text.packetbuf_clear
                0x00009ee4       0x20 contiki-srf06-cc26xx.a(packetbuf.o)
                0x00009ee4                packetbuf_clear
 .text.packetbuf_copyfrom
                0x00009f04       0x40 contiki-srf06-cc26xx.a(packetbuf.o)
                0x00009f04                packetbuf_copyfrom
 .text.packetbuf_attr_copyto
                0x00009f44       0x44 contiki-srf06-cc26xx.a(packetbuf.o)
                0x00009f44                packetbuf_attr_copyto
 .text.packetbuf_attr_copyfrom
                0x00009f88       0x44 contiki-srf06-cc26xx.a(packetbuf.o)
                0x00009f88                packetbuf_attr_copyfrom
 .text.packetbuf_set_attr
                0x00009fcc       0x10 contiki-srf06-cc26xx.a(packetbuf.o)
                0x00009fcc                packetbuf_set_attr
 .text.packetbuf_attr
                0x00009fdc        0xc contiki-srf06-cc26xx.a(packetbuf.o)
                0x00009fdc                packetbuf_attr
 .text.packetbuf_set_addr
                0x00009fe8       0x18 contiki-srf06-cc26xx.a(packetbuf.o)
                0x00009fe8                packetbuf_set_addr
 .text.packetbuf_addr
                0x0000a000       0x10 contiki-srf06-cc26xx.a(packetbuf.o)
                0x0000a000                packetbuf_addr
 .text.packetbuf_holds_broadcast
                0x0000a010       0x10 contiki-srf06-cc26xx.a(packetbuf.o)
                0x0000a010                packetbuf_holds_broadcast
 .text.netstack_init
                0x0000a020       0x38 contiki-srf06-cc26xx.a(netstack.o)
                0x0000a020                netstack_init
 .text.linkaddr_copy
                0x0000a058        0xc contiki-srf06-cc26xx.a(linkaddr.o)
                0x0000a058                linkaddr_copy
 .text.linkaddr_cmp
                0x0000a064       0x10 contiki-srf06-cc26xx.a(linkaddr.o)
                0x0000a064                linkaddr_cmp
 .text.periodic
                0x0000a074       0x2c contiki-srf06-cc26xx.a(link-stats.o)
 .text.link_stats_from_lladdr
                0x0000a0a0        0xc contiki-srf06-cc26xx.a(link-stats.o)
                0x0000a0a0                link_stats_from_lladdr
 .text.link_stats_is_fresh
                0x0000a0ac       0x28 contiki-srf06-cc26xx.a(link-stats.o)
                0x0000a0ac                link_stats_is_fresh
 .text.link_stats_packet_sent
                0x0000a0d4       0xcc contiki-srf06-cc26xx.a(link-stats.o)
                0x0000a0d4                link_stats_packet_sent
 .text.link_stats_input_callback
                0x0000a1a0       0x5c contiki-srf06-cc26xx.a(link-stats.o)
                0x0000a1a0                link_stats_input_callback
 .text.link_stats_init
                0x0000a1fc       0x28 contiki-srf06-cc26xx.a(link-stats.o)
                0x0000a1fc                link_stats_init
 .text.send_packet
                0x0000a224        0xc contiki-srf06-cc26xx.a(nullmac.o)
 .text.packet_input
                0x0000a230        0xc contiki-srf06-cc26xx.a(nullmac.o)
 .text.on       0x0000a23c        0xc contiki-srf06-cc26xx.a(nullmac.o)
 .text.off      0x0000a248        0xc contiki-srf06-cc26xx.a(nullmac.o)
 .text.channel_check_interval
                0x0000a254        0x4 contiki-srf06-cc26xx.a(nullmac.o)
 .text.init     0x0000a258        0x4 contiki-srf06-cc26xx.a(nullmac.o)
 .text.parse    0x0000a25c       0xa0 contiki-srf06-cc26xx.a(framer-802154.o)
 .text.create_frame.isra.0
                0x0000a2fc      0x140 contiki-srf06-cc26xx.a(framer-802154.o)
 .text.create   0x0000a43c        0x8 contiki-srf06-cc26xx.a(framer-802154.o)
 .text.hdr_length
                0x0000a444        0x8 contiki-srf06-cc26xx.a(framer-802154.o)
 .text.on       0x0000a44c        0xc contiki-srf06-cc26xx.a(nullrdc.o)
 .text.channel_check_interval
                0x0000a458        0x4 contiki-srf06-cc26xx.a(nullrdc.o)
 .text.init     0x0000a45c        0xc contiki-srf06-cc26xx.a(nullrdc.o)
 .text.send_one_packet
                0x0000a468      0x118 contiki-srf06-cc26xx.a(nullrdc.o)
 .text.send_list
                0x0000a580       0x28 contiki-srf06-cc26xx.a(nullrdc.o)
 .text.send_packet
                0x0000a5a8        0x4 contiki-srf06-cc26xx.a(nullrdc.o)
 .text.off      0x0000a5ac       0x1c contiki-srf06-cc26xx.a(nullrdc.o)
 .text.packet_input
                0x0000a5c8       0x54 contiki-srf06-cc26xx.a(nullrdc.o)
 .text.init     0x0000a61c        0x4 contiki-srf06-cc26xx.a(nullsec.o)
 .text.input    0x0000a620        0xc contiki-srf06-cc26xx.a(nullsec.o)
 .text.send     0x0000a62c       0x20 contiki-srf06-cc26xx.a(nullsec.o)
 .text.rtimer_arch_init
                0x0000a64c        0x4 contiki-srf06-cc26xx.a(rtimer-arch.o)
                0x0000a64c                rtimer_arch_init
 .text.rtimer_arch_schedule
                0x0000a650        0x8 contiki-srf06-cc26xx.a(rtimer-arch.o)
                0x0000a650                rtimer_arch_schedule
 .text.rtimer_arch_now
                0x0000a658        0x4 contiki-srf06-cc26xx.a(rtimer-arch.o)
                0x0000a658                rtimer_arch_now
 .text.aux_ctrl_power_up
                0x0000a65c       0x28 contiki-srf06-cc26xx.a(aux-ctrl.o)
                0x0000a65c                aux_ctrl_power_up
 .text.aux_ctrl_register_consumer
                0x0000a684       0x40 contiki-srf06-cc26xx.a(aux-ctrl.o)
                0x0000a684                aux_ctrl_register_consumer
 .text.aux_ctrl_power_down
                0x0000a6c4       0x6c contiki-srf06-cc26xx.a(aux-ctrl.o)
                0x0000a6c4                aux_ctrl_power_down
 .text.aux_ctrl_unregister_consumer
                0x0000a730       0x28 contiki-srf06-cc26xx.a(aux-ctrl.o)
                0x0000a730                aux_ctrl_unregister_consumer
 .text.process_thread_rf_core_process
                0x0000a758       0x58 contiki-srf06-cc26xx.a(rf-core.o)
 .text.rf_core_is_accessible
                0x0000a7b0       0x10 contiki-srf06-cc26xx.a(rf-core.o)
                0x0000a7b0                rf_core_is_accessible
 .text.rf_core_send_cmd
                0x0000a7c0       0x94 contiki-srf06-cc26xx.a(rf-core.o)
                0x0000a7c0                rf_core_send_cmd
 .text.rf_core_wait_cmd_done
                0x0000a854       0x30 contiki-srf06-cc26xx.a(rf-core.o)
                0x0000a854                rf_core_wait_cmd_done
 .text.rf_core_power_up
                0x0000a884       0xb4 contiki-srf06-cc26xx.a(rf-core.o)
                0x0000a884                rf_core_power_up
 .text.rf_core_start_rat
                0x0000a938       0x68 contiki-srf06-cc26xx.a(rf-core.o)
                0x0000a938                rf_core_start_rat
 .text.rf_core_stop_rat
                0x0000a9a0       0x7c contiki-srf06-cc26xx.a(rf-core.o)
                0x0000a9a0                rf_core_stop_rat
 .text.rf_core_power_down
                0x0000aa1c       0xec contiki-srf06-cc26xx.a(rf-core.o)
                0x0000aa1c                rf_core_power_down
 .text.rf_core_set_modesel
                0x0000ab08       0x38 contiki-srf06-cc26xx.a(rf-core.o)
                0x0000ab08                rf_core_set_modesel
 .text.rf_core_boot
                0x0000ab40       0x1c contiki-srf06-cc26xx.a(rf-core.o)
                0x0000ab40                rf_core_boot
 .text.rf_core_restart_rat
                0x0000ab5c       0x20 contiki-srf06-cc26xx.a(rf-core.o)
                0x0000ab5c                rf_core_restart_rat
 .text.rf_core_setup_interrupts
                0x0000ab7c       0x74 contiki-srf06-cc26xx.a(rf-core.o)
                0x0000ab7c                rf_core_setup_interrupts
 .text.rf_core_cmd_done_en
                0x0000abf0       0x28 contiki-srf06-cc26xx.a(rf-core.o)
                0x0000abf0                rf_core_cmd_done_en
 .text.rf_core_cmd_done_dis
                0x0000ac18       0x18 contiki-srf06-cc26xx.a(rf-core.o)
                0x0000ac18                rf_core_cmd_done_dis
 .text.rf_core_get_last_radio_op
                0x0000ac30        0xc contiki-srf06-cc26xx.a(rf-core.o)
                0x0000ac30                rf_core_get_last_radio_op
 .text.rf_core_init_radio_op
                0x0000ac3c       0x1c contiki-srf06-cc26xx.a(rf-core.o)
                0x0000ac3c                rf_core_init_radio_op
 .text.rf_core_primary_mode_register
                0x0000ac58        0xc contiki-srf06-cc26xx.a(rf-core.o)
                0x0000ac58                rf_core_primary_mode_register
 .text.RFCCPE1IntHandler
                0x0000ac64       0x28 contiki-srf06-cc26xx.a(rf-core.o)
                0x0000ac64                RFCCPE1IntHandler
 .text.RFCCPE0IntHandler
                0x0000ac8c       0x5c contiki-srf06-cc26xx.a(rf-core.o)
                0x0000ac8c                RFCCPE0IntHandler
 .text.rf_ble_is_active
                0x0000ace8        0xc contiki-srf06-cc26xx.a(rf-ble.o)
                0x0000ace8                rf_ble_is_active
 .text.memb_init
                0x0000acf4       0x24 contiki-srf06-cc26xx.a(memb.o)
                0x0000acf4                memb_init
 .text.memb_alloc
                0x0000ad18       0x3c contiki-srf06-cc26xx.a(memb.o)
                0x0000ad18                memb_alloc
 .text.memb_free
                0x0000ad54       0x3c contiki-srf06-cc26xx.a(memb.o)
                0x0000ad54                memb_free
 .text.memb_inmemb
                0x0000ad90       0x1c contiki-srf06-cc26xx.a(memb.o)
                0x0000ad90                memb_inmemb
 .text.memb_numfree
                0x0000adac       0x1c contiki-srf06-cc26xx.a(memb.o)
                0x0000adac                memb_numfree
 .text.echo_reply_input
                0x0000adc8       0xac contiki-srf06-cc26xx.a(uip-icmp6.o)
 .text.echo_request_input
                0x0000ae74       0xb0 contiki-srf06-cc26xx.a(uip-icmp6.o)
 .text.uip_icmp6_input
                0x0000af24       0x3c contiki-srf06-cc26xx.a(uip-icmp6.o)
                0x0000af24                uip_icmp6_input
 .text.uip_icmp6_register_input_handler
                0x0000af60        0xc contiki-srf06-cc26xx.a(uip-icmp6.o)
                0x0000af60                uip_icmp6_register_input_handler
 .text.uip_icmp6_error_output
                0x0000af6c      0x158 contiki-srf06-cc26xx.a(uip-icmp6.o)
                0x0000af6c                uip_icmp6_error_output
 .text.uip_icmp6_send
                0x0000b0c4       0x80 contiki-srf06-cc26xx.a(uip-icmp6.o)
                0x0000b0c4                uip_icmp6_send
 .text.uip_icmp6_init
                0x0000b144       0x24 contiki-srf06-cc26xx.a(uip-icmp6.o)
                0x0000b144                uip_icmp6_init
 .text.uip_ds6_list_loop
                0x0000b168       0x5c contiki-srf06-cc26xx.a(uip-ds6.o)
                0x0000b168                uip_ds6_list_loop
 .text.uip_ds6_prefix_add
                0x0000b1c4       0x6c contiki-srf06-cc26xx.a(uip-ds6.o)
                0x0000b1c4                uip_ds6_prefix_add
 .text.uip_ds6_is_addr_onlink
                0x0000b230       0x40 contiki-srf06-cc26xx.a(uip-ds6.o)
                0x0000b230                uip_ds6_is_addr_onlink
 .text.uip_ds6_addr_lookup
                0x0000b270       0x30 contiki-srf06-cc26xx.a(uip-ds6.o)
                0x0000b270                uip_ds6_addr_lookup
 .text.uip_ds6_get_link_local
                0x0000b2a0       0x50 contiki-srf06-cc26xx.a(uip-ds6.o)
                0x0000b2a0                uip_ds6_get_link_local
 .text.uip_ds6_maddr_add
                0x0000b2f0       0x50 contiki-srf06-cc26xx.a(uip-ds6.o)
                0x0000b2f0                uip_ds6_maddr_add
 .text.uip_ds6_addr_add
                0x0000b340       0xa8 contiki-srf06-cc26xx.a(uip-ds6.o)
                0x0000b340                uip_ds6_addr_add
 .text.uip_ds6_maddr_lookup
                0x0000b3e8       0x30 contiki-srf06-cc26xx.a(uip-ds6.o)
                0x0000b3e8                uip_ds6_maddr_lookup
 .text.uip_ds6_addr_rm
                0x0000b418       0x48 contiki-srf06-cc26xx.a(uip-ds6.o)
                0x0000b418                uip_ds6_addr_rm
 .text.uip_ds6_periodic
                0x0000b460       0x5c contiki-srf06-cc26xx.a(uip-ds6.o)
                0x0000b460                uip_ds6_periodic
 .text.uip_ds6_select_src
                0x0000b4bc      0x118 contiki-srf06-cc26xx.a(uip-ds6.o)
                0x0000b4bc                uip_ds6_select_src
 .text.uip_ds6_set_addr_iid
                0x0000b5d4       0x14 contiki-srf06-cc26xx.a(uip-ds6.o)
                0x0000b5d4                uip_ds6_set_addr_iid
 .text.uip_ds6_compute_reachable_time
                0x0000b5e8       0x2c contiki-srf06-cc26xx.a(uip-ds6.o)
                0x0000b5e8                uip_ds6_compute_reachable_time
 .text.uip_ds6_init
                0x0000b614       0xf8 contiki-srf06-cc26xx.a(uip-ds6.o)
                0x0000b614                uip_ds6_init
 .text.call_route_callback
                0x0000b70c       0x50 contiki-srf06-cc26xx.a(uip-ds6-route.o)
 .text.uip_ds6_route_init
                0x0000b75c       0x4c contiki-srf06-cc26xx.a(uip-ds6-route.o)
                0x0000b75c                uip_ds6_route_init
 .text.uip_ds6_route_nexthop
                0x0000b7a8       0x1c contiki-srf06-cc26xx.a(uip-ds6-route.o)
                0x0000b7a8                uip_ds6_route_nexthop
 .text.uip_ds6_route_head
                0x0000b7c4        0xc contiki-srf06-cc26xx.a(uip-ds6-route.o)
                0x0000b7c4                uip_ds6_route_head
 .text.uip_ds6_route_next
                0x0000b7d0        0x8 contiki-srf06-cc26xx.a(uip-ds6-route.o)
                0x0000b7d0                uip_ds6_route_next
 .text.uip_ds6_route_is_nexthop
                0x0000b7d8       0x20 contiki-srf06-cc26xx.a(uip-ds6-route.o)
                0x0000b7d8                uip_ds6_route_is_nexthop
 .text.uip_ds6_route_lookup
                0x0000b7f8       0x78 contiki-srf06-cc26xx.a(uip-ds6-route.o)
                0x0000b7f8                uip_ds6_route_lookup
 .text.uip_ds6_route_rm
                0x0000b870       0xac contiki-srf06-cc26xx.a(uip-ds6-route.o)
                0x0000b870                uip_ds6_route_rm
 .text.rm_routelist
                0x0000b91c       0x38 contiki-srf06-cc26xx.a(uip-ds6-route.o)
 .text.rm_routelist_callback
                0x0000b954        0x4 contiki-srf06-cc26xx.a(uip-ds6-route.o)
 .text.uip_ds6_route_add
                0x0000b958      0x118 contiki-srf06-cc26xx.a(uip-ds6-route.o)
                0x0000b958                uip_ds6_route_add
 .text.uip_ds6_defrt_rm
                0x0000ba70       0x48 contiki-srf06-cc26xx.a(uip-ds6-route.o)
                0x0000ba70                uip_ds6_defrt_rm
 .text.uip_ds6_defrt_lookup
                0x0000bab8       0x34 contiki-srf06-cc26xx.a(uip-ds6-route.o)
                0x0000bab8                uip_ds6_defrt_lookup
 .text.uip_ds6_defrt_add
                0x0000baec       0x5c contiki-srf06-cc26xx.a(uip-ds6-route.o)
                0x0000baec                uip_ds6_defrt_add
 .text.uip_ds6_defrt_choose
                0x0000bb48       0x34 contiki-srf06-cc26xx.a(uip-ds6-route.o)
                0x0000bb48                uip_ds6_defrt_choose
 .text.uip_ds6_defrt_periodic
                0x0000bb7c       0x40 contiki-srf06-cc26xx.a(uip-ds6-route.o)
                0x0000bb7c                uip_ds6_defrt_periodic
 .text.uip_ds6_nbr_rm
                0x0000bbbc       0x20 contiki-srf06-cc26xx.a(uip-ds6-nbr.o)
                0x0000bbbc                uip_ds6_nbr_rm
 .text.uip_ds6_neighbors_init
                0x0000bbdc       0x1c contiki-srf06-cc26xx.a(uip-ds6-nbr.o)
                0x0000bbdc                uip_ds6_neighbors_init
 .text.uip_ds6_nbr_add
                0x0000bbf8       0x38 contiki-srf06-cc26xx.a(uip-ds6-nbr.o)
                0x0000bbf8                uip_ds6_nbr_add
 .text.uip_ds6_nbr_get_ll
                0x0000bc30       0x10 contiki-srf06-cc26xx.a(uip-ds6-nbr.o)
                0x0000bc30                uip_ds6_nbr_get_ll
 .text.uip_ds6_nbr_lookup
                0x0000bc40       0x3c contiki-srf06-cc26xx.a(uip-ds6-nbr.o)
                0x0000bc40                uip_ds6_nbr_lookup
 .text.uip_ds6_nbr_ipaddr_from_lladdr
                0x0000bc7c       0x10 contiki-srf06-cc26xx.a(uip-ds6-nbr.o)
                0x0000bc7c                uip_ds6_nbr_ipaddr_from_lladdr
 .text.uip_ds6_nbr_lladdr_from_ipaddr
                0x0000bc8c       0x1c contiki-srf06-cc26xx.a(uip-ds6-nbr.o)
                0x0000bc8c                uip_ds6_nbr_lladdr_from_ipaddr
 .text.uip_ds6_link_neighbor_callback
                0x0000bca8       0x34 contiki-srf06-cc26xx.a(uip-ds6-nbr.o)
                0x0000bca8                uip_ds6_link_neighbor_callback
 .text.uip_udp_packet_send
                0x0000bcdc       0x40 contiki-srf06-cc26xx.a(uip-udp-packet.)
                0x0000bcdc                uip_udp_packet_send
 .text.uip_udp_packet_sendto
                0x0000bd1c       0x48 contiki-srf06-cc26xx.a(uip-udp-packet.)
                0x0000bd1c                uip_udp_packet_sendto
 .text.update_nbr
                0x0000bd64      0x110 contiki-srf06-cc26xx.a(rpl-nbr-policy.)
 .text.handle_periodic_timer
                0x0000be74       0x14 contiki-srf06-cc26xx.a(rpl-nbr-policy.)
 .text.find_removable_dio
                0x0000be88       0x40 contiki-srf06-cc26xx.a(rpl-nbr-policy.)
                0x0000be88                find_removable_dio
 .text.rpl_nbr_policy_find_removable
                0x0000bec8       0x64 contiki-srf06-cc26xx.a(rpl-nbr-policy.)
                0x0000bec8                rpl_nbr_policy_find_removable
 .text.new_dio_interval
                0x0000bf2c       0x60 contiki-srf06-cc26xx.a(rpl-timers.o)
 .text.handle_periodic_timer
                0x0000bf8c       0x58 contiki-srf06-cc26xx.a(rpl-timers.o)
 .text.set_dao_lifetime_timer
                0x0000bfe4       0x50 contiki-srf06-cc26xx.a(rpl-timers.o)
 .text.handle_unicast_dio_timer
                0x0000c034       0x1c contiki-srf06-cc26xx.a(rpl-timers.o)
 .text.handle_dio_timer
                0x0000c050       0x8c contiki-srf06-cc26xx.a(rpl-timers.o)
 .text.schedule_dao
                0x0000c0dc       0x54 contiki-srf06-cc26xx.a(rpl-timers.o)
 .text.handle_dao_timer
                0x0000c130       0x5c contiki-srf06-cc26xx.a(rpl-timers.o)
 .text.rpl_reset_periodic_timer
                0x0000c18c       0x3c contiki-srf06-cc26xx.a(rpl-timers.o)
                0x0000c18c                rpl_reset_periodic_timer
 .text.rpl_reset_dio_timer
                0x0000c1c8       0x1c contiki-srf06-cc26xx.a(rpl-timers.o)
                0x0000c1c8                rpl_reset_dio_timer
 .text.rpl_schedule_dao
                0x0000c1e4        0x8 contiki-srf06-cc26xx.a(rpl-timers.o)
                0x0000c1e4                rpl_schedule_dao
 .text.rpl_schedule_unicast_dio_immediately
                0x0000c1ec       0x14 contiki-srf06-cc26xx.a(rpl-timers.o)
                0x0000c1ec                rpl_schedule_unicast_dio_immediately
 .text.get_probing_delay
                0x0000c200       0x4c contiki-srf06-cc26xx.a(rpl-timers.o)
                0x0000c200                get_probing_delay
 .text.get_probing_target
                0x0000c24c       0xe4 contiki-srf06-cc26xx.a(rpl-timers.o)
                0x0000c24c                get_probing_target
 .text.rpl_schedule_probing
                0x0000c330       0x20 contiki-srf06-cc26xx.a(rpl-timers.o)
                0x0000c330                rpl_schedule_probing
 .text.handle_probing_timer
                0x0000c350       0x34 contiki-srf06-cc26xx.a(rpl-timers.o)
 .text.reset    0x0000c384        0x4 contiki-srf06-cc26xx.a(rpl-mrhof.o)
 .text.update_metric_container
                0x0000c388        0x8 contiki-srf06-cc26xx.a(rpl-mrhof.o)
 .text.parent_link_metric
                0x0000c390       0x14 contiki-srf06-cc26xx.a(rpl-mrhof.o)
 .text.parent_has_usable_link
                0x0000c3a4       0x18 contiki-srf06-cc26xx.a(rpl-mrhof.o)
 .text.best_dag
                0x0000c3bc       0x2c contiki-srf06-cc26xx.a(rpl-mrhof.o)
 .text.parent_path_cost
                0x0000c3e8       0x4c contiki-srf06-cc26xx.a(rpl-mrhof.o)
 .text.parent_is_acceptable
                0x0000c434       0x34 contiki-srf06-cc26xx.a(rpl-mrhof.o)
 .text.rank_via_parent
                0x0000c468       0x3c contiki-srf06-cc26xx.a(rpl-mrhof.o)
 .text.best_parent
                0x0000c4a4       0x68 contiki-srf06-cc26xx.a(rpl-mrhof.o)
 .text.NOROM_AONBatMonTemperatureGetDegC
                0x0000c50c       0x30 contiki-srf06-cc26xx.a(aon_batmon.o)
                0x0000c50c                NOROM_AONBatMonTemperatureGetDegC
 .text.mac_sequence_is_duplicate
                0x0000c53c       0x4c contiki-srf06-cc26xx.a(mac-sequence.o)
                0x0000c53c                mac_sequence_is_duplicate
 .text.mac_sequence_register_seqno
                0x0000c588       0x74 contiki-srf06-cc26xx.a(mac-sequence.o)
                0x0000c588                mac_sequence_register_seqno
 .text.frame802154_get_pan_id
                0x0000c5fc        0xc contiki-srf06-cc26xx.a(frame802154.o)
                0x0000c5fc                frame802154_get_pan_id
 .text.frame802154_has_panid
                0x0000c608       0x64 contiki-srf06-cc26xx.a(frame802154.o)
                0x0000c608                frame802154_has_panid
 .text.field_len
                0x0000c66c       0x88 contiki-srf06-cc26xx.a(frame802154.o)
 .text.frame802154_is_broadcast_addr
                0x0000c6f4       0x20 contiki-srf06-cc26xx.a(frame802154.o)
                0x0000c6f4                frame802154_is_broadcast_addr
 .text.frame802154_hdrlen
                0x0000c714       0x34 contiki-srf06-cc26xx.a(frame802154.o)
                0x0000c714                frame802154_hdrlen
 .text.frame802154_create
                0x0000c748      0x124 contiki-srf06-cc26xx.a(frame802154.o)
                0x0000c748                frame802154_create
 .text.frame802154_parse
                0x0000c86c      0x17c contiki-srf06-cc26xx.a(frame802154.o)
                0x0000c86c                frame802154_parse
 .text.mac_call_sent_callback
                0x0000c9e8       0x18 contiki-srf06-cc26xx.a(mac.o)
                0x0000c9e8                mac_call_sent_callback
 .text.stimer_set
                0x0000ca00       0x10 contiki-srf06-cc26xx.a(stimer.o)
                0x0000ca00                stimer_set
 .text.stimer_expired
                0x0000ca10       0x20 contiki-srf06-cc26xx.a(stimer.o)
                0x0000ca10                stimer_expired
 .text          0x0000ca30       0x30 /opt/gcc-arm-none-eabi-5_4-2016q2/bin/../lib/gcc/arm-none-eabi/5.4.1/armv7-m/libgcc.a(_aeabi_uldivmod.o)
                0x0000ca30                __aeabi_uldivmod
 .text          0x0000ca60      0x2ec /opt/gcc-arm-none-eabi-5_4-2016q2/bin/../lib/gcc/arm-none-eabi/5.4.1/armv7-m/libgcc.a(_udivmoddi4.o)
                0x0000ca60                __udivmoddi4
 .text          0x0000cd4c        0x4 /opt/gcc-arm-none-eabi-5_4-2016q2/bin/../lib/gcc/arm-none-eabi/5.4.1/armv7-m/libgcc.a(_dvmd_tls.o)
                0x0000cd4c                __aeabi_ldiv0
                0x0000cd4c                __aeabi_idiv0
 .text.malloc   0x0000cd50       0x10 /opt/gcc-arm-none-eabi-5_4-2016q2/bin/../lib/gcc/arm-none-eabi/5.4.1/../../../../arm-none-eabi/lib/armv7-m/libc.a(lib_a-malloc.o)
                0x0000cd50                malloc
 .text.free     0x0000cd60       0x10 /opt/gcc-arm-none-eabi-5_4-2016q2/bin/../lib/gcc/arm-none-eabi/5.4.1/../../../../arm-none-eabi/lib/armv7-m/libc.a(lib_a-malloc.o)
                0x0000cd60                free
 .text._malloc_r
                0x0000cd70      0x558 /opt/gcc-arm-none-eabi-5_4-2016q2/bin/../lib/gcc/arm-none-eabi/5.4.1/../../../../arm-none-eabi/lib/armv7-m/libc.a(lib_a-mallocr.o)
                0x0000cd70                _malloc_r
 .text.memcmp   0x0000d2c8       0x64 /opt/gcc-arm-none-eabi-5_4-2016q2/bin/../lib/gcc/arm-none-eabi/5.4.1/../../../../arm-none-eabi/lib/armv7-m/libc.a(lib_a-memcmp.o)
                0x0000d2c8                memcmp
 .text          0x0000d32c       0xec /opt/gcc-arm-none-eabi-5_4-2016q2/bin/../lib/gcc/arm-none-eabi/5.4.1/../../../../arm-none-eabi/lib/armv7-m/libc.a(lib_a-memcpy.o)
                0x0000d32c                memcpy
 .text.memmove  0x0000d418       0xc8 /opt/gcc-arm-none-eabi-5_4-2016q2/bin/../lib/gcc/arm-none-eabi/5.4.1/../../../../arm-none-eabi/lib/armv7-m/libc.a(lib_a-memmove.o)
                0x0000d418                memmove
 .text.memset   0x0000d4e0       0x9c /opt/gcc-arm-none-eabi-5_4-2016q2/bin/../lib/gcc/arm-none-eabi/5.4.1/../../../../arm-none-eabi/lib/armv7-m/libc.a(lib_a-memset.o)
                0x0000d4e0                memset
 .text.__malloc_lock
                0x0000d57c        0x4 /opt/gcc-arm-none-eabi-5_4-2016q2/bin/../lib/gcc/arm-none-eabi/5.4.1/../../../../arm-none-eabi/lib/armv7-m/libc.a(lib_a-mlock.o)
                0x0000d57c                __malloc_lock
 .text.__malloc_unlock
                0x0000d580        0x4 /opt/gcc-arm-none-eabi-5_4-2016q2/bin/../lib/gcc/arm-none-eabi/5.4.1/../../../../arm-none-eabi/lib/armv7-m/libc.a(lib_a-mlock.o)
                0x0000d580                __malloc_unlock
 .text._sbrk_r  0x0000d584       0x24 /opt/gcc-arm-none-eabi-5_4-2016q2/bin/../lib/gcc/arm-none-eabi/5.4.1/../../../../arm-none-eabi/lib/armv7-m/libc.a(lib_a-sbrkr.o)
                0x0000d584                _sbrk_r
 .text.strchr   0x0000d5a8       0xd0 /opt/gcc-arm-none-eabi-5_4-2016q2/bin/../lib/gcc/arm-none-eabi/5.4.1/../../../../arm-none-eabi/lib/armv7-m/libc.a(lib_a-strchr.o)
                0x0000d5a8                strchr
 .text          0x0000d678      0x1bc /opt/gcc-arm-none-eabi-5_4-2016q2/bin/../lib/gcc/arm-none-eabi/5.4.1/../../../../arm-none-eabi/lib/armv7-m/libc.a(lib_a-strcmp.o)
                0x0000d678                strcmp
 .text.strcpy   0x0000d834       0xbc /opt/gcc-arm-none-eabi-5_4-2016q2/bin/../lib/gcc/arm-none-eabi/5.4.1/../../../../arm-none-eabi/lib/armv7-m/libc.a(lib_a-strcpy.o)
                0x0000d834                strcpy
 .text.strlen   0x0000d8f0       0x5c /opt/gcc-arm-none-eabi-5_4-2016q2/bin/../lib/gcc/arm-none-eabi/5.4.1/../../../../arm-none-eabi/lib/armv7-m/libc.a(lib_a-strlen-stub.o)
                0x0000d8f0                strlen
 .text.strncpy  0x0000d94c       0x68 /opt/gcc-arm-none-eabi-5_4-2016q2/bin/../lib/gcc/arm-none-eabi/5.4.1/../../../../arm-none-eabi/lib/armv7-m/libc.a(lib_a-strncpy.o)
                0x0000d94c                strncpy
 .text._malloc_trim_r
                0x0000d9b4       0x9c /opt/gcc-arm-none-eabi-5_4-2016q2/bin/../lib/gcc/arm-none-eabi/5.4.1/../../../../arm-none-eabi/lib/armv7-m/libc.a(lib_a-freer.o)
                0x0000d9b4                _malloc_trim_r
 .text._free_r  0x0000da50      0x1d0 /opt/gcc-arm-none-eabi-5_4-2016q2/bin/../lib/gcc/arm-none-eabi/5.4.1/../../../../arm-none-eabi/lib/armv7-m/libc.a(lib_a-freer.o)
                0x0000da50                _free_r
 *(SORT(.rodata*))
 .rodata.autostart_processes
                0x0000dc20        0x8 main_core.co
                0x0000dc20                autostart_processes
 .rodata.str1.4
                0x0000dc28       0xff main_core.co
 *fill*         0x0000dd27        0x1 00000000
 .rodata.CSWTCH.95
                0x0000dd28        0x4 obj_srf06-cc26xx/mqtt_sn.o
 .rodata.CSWTCH.97
                0x0000dd2c        0x4 obj_srf06-cc26xx/mqtt_sn.o
 .rodata.str1.4
                0x0000dd30      0x2cb obj_srf06-cc26xx/mqtt_sn.o
 *fill*         0x0000dffb        0x1 00000000
 .rodata.str1.4
                0x0000dffc       0xae contiki-srf06-cc26xx.a(contiki-main.o)
                                 0xb2 (size before relaxing)
 *fill*         0x0000e0aa        0x2 00000000
 .rodata.str1.4
                0x0000e0ac        0x8 contiki-srf06-cc26xx.a(sensors.o)
 .rodata        0x0000e0b4       0x40 contiki-srf06-cc26xx.a(board.o)
 .rodata.str1.4
                0x0000e0f4        0x7 contiki-srf06-cc26xx.a(button-sensor.o)
 *fill*         0x0000e0fb        0x1 00000000
 .rodata.button_left_sensor
                0x0000e0fc       0x10 contiki-srf06-cc26xx.a(button-sensor.o)
                0x0000e0fc                button_left_sensor
 .rodata.button_right_sensor
                0x0000e10c       0x10 contiki-srf06-cc26xx.a(button-sensor.o)
                0x0000e10c                button_right_sensor
 .rodata        0x0000e11c        0x4 contiki-srf06-cc26xx.a(ext-flash.o)
 .rodata.output_power
                0x0000e120       0x68 contiki-srf06-cc26xx.a(ieee-mode.o)
 .rodata.ieee_mode_driver
                0x0000e188       0x38 contiki-srf06-cc26xx.a(ieee-mode.o)
                0x0000e188                ieee_mode_driver
 .rodata.mode_ieee
                0x0000e1c0        0x8 contiki-srf06-cc26xx.a(ieee-mode.o)
 .rodata.str1.4
                0x0000e1c8       0x1b contiki-srf06-cc26xx.a(soc-trng.o)
 *fill*         0x0000e1e3        0x1 00000000
 .rodata.buffer.4106
                0x0000e1e4       0x10 contiki-srf06-cc26xx.a(strformat.o)
 .rodata.buffer.4115
                0x0000e1f4       0x10 contiki-srf06-cc26xx.a(strformat.o)
 .rodata.str1.4
                0x0000e204       0x46 contiki-srf06-cc26xx.a(strformat.o)
 *fill*         0x0000e24a        0x2 00000000
 .rodata.str1.4
                0x0000e24c        0xf contiki-srf06-cc26xx.a(ctimer.o)
 *fill*         0x0000e25b        0x1 00000000
 .rodata.str1.4
                0x0000e25c        0xc contiki-srf06-cc26xx.a(etimer.o)
 .rodata.str1.4
                0x0000e268        0xe contiki-srf06-cc26xx.a(serial-line.o)
 *fill*         0x0000e276        0x2 00000000
 .rodata        0x0000e278        0x2 contiki-srf06-cc26xx.a(sicslowpan.o)
 *fill*         0x0000e27a        0x2 00000000
 .rodata.ttl_values
                0x0000e27c        0x4 contiki-srf06-cc26xx.a(sicslowpan.o)
 .rodata.unc_llconf
                0x0000e280        0x4 contiki-srf06-cc26xx.a(sicslowpan.o)
                0x0000e280                unc_llconf
 .rodata.llprefix
                0x0000e284        0x2 contiki-srf06-cc26xx.a(sicslowpan.o)
                0x0000e284                llprefix
 *fill*         0x0000e286        0x2 00000000
 .rodata.sicslowpan_driver
                0x0000e288        0xc contiki-srf06-cc26xx.a(sicslowpan.o)
                0x0000e288                sicslowpan_driver
 .rodata.unc_mxconf
                0x0000e294        0x4 contiki-srf06-cc26xx.a(sicslowpan.o)
                0x0000e294                unc_mxconf
 .rodata.unc_ctxconf
                0x0000e298        0x4 contiki-srf06-cc26xx.a(sicslowpan.o)
                0x0000e298                unc_ctxconf
 .rodata.str1.4
                0x0000e29c        0xb contiki-srf06-cc26xx.a(sicslowpan.o)
 *fill*         0x0000e2a7        0x1 00000000
 .rodata.str1.4
                0x0000e2a8       0x2b contiki-srf06-cc26xx.a(uip-debug.o)
 *fill*         0x0000e2d3        0x1 00000000
 .rodata.str1.4
                0x0000e2d4        0xd contiki-srf06-cc26xx.a(tcpip.o)
 *fill*         0x0000e2e1        0x3 00000000
 .rodata.str1.4
                0x0000e2e4       0x13 contiki-srf06-cc26xx.a(simple-udp.o)
 *fill*         0x0000e2f7        0x1 00000000
 .rodata.linkaddr_null
                0x0000e2f8        0x8 contiki-srf06-cc26xx.a(linkaddr.o)
                0x0000e2f8                linkaddr_null
 .rodata.nullmac_driver
                0x0000e300       0x1c contiki-srf06-cc26xx.a(nullmac.o)
                0x0000e300                nullmac_driver
 .rodata.str1.4
                0x0000e31c        0x8 contiki-srf06-cc26xx.a(nullmac.o)
 .rodata.framer_802154
                0x0000e324        0xc contiki-srf06-cc26xx.a(framer-802154.o)
                0x0000e324                framer_802154
 .rodata.str1.4
                0x0000e330        0x8 contiki-srf06-cc26xx.a(nullrdc.o)
 .rodata.nullrdc_driver
                0x0000e338       0x20 contiki-srf06-cc26xx.a(nullrdc.o)
                0x0000e338                nullrdc_driver
 .rodata.str1.4
                0x0000e358        0x8 contiki-srf06-cc26xx.a(nullsec.o)
 .rodata.nullsec_driver
                0x0000e360       0x10 contiki-srf06-cc26xx.a(nullsec.o)
                0x0000e360                nullsec_driver
 .rodata.str1.4
                0x0000e370       0x46 contiki-srf06-cc26xx.a(rf-core.o)
 .rodata.str1.4
                0x0000e3b6       0x48 /opt/gcc-arm-none-eabi-5_4-2016q2/bin/../lib/gcc/arm-none-eabi/5.4.1/../../../../arm-none-eabi/lib/armv7-m/libc.a(lib_a-impure.o)
                                  0x2 (size before relaxing)
                0x0000e3fe                _etext = .

.glue_7         0x0000e3b8        0x0
 .glue_7        0x0000e3b8        0x0 linker stubs

.glue_7t        0x0000e3b8        0x0
 .glue_7t       0x0000e3b8        0x0 linker stubs

.vfp11_veneer   0x0000e3b8        0x0
 .vfp11_veneer  0x0000e3b8        0x0 linker stubs

.v4_bx          0x0000e3b8        0x0
 .v4_bx         0x0000e3b8        0x0 linker stubs

.iplt           0x0000e3b8        0x0
 .iplt          0x0000e3b8        0x0 obj_srf06-cc26xx/startup_gcc.o

.data           0x20000000      0xa8a load address 0x0000e3b6
                0x20000000                _data = .
 *(SORT(vtable))
 *(SORT(.data*))
 .data.impure_data
                0x20000000      0x428 /opt/gcc-arm-none-eabi-5_4-2016q2/bin/../lib/gcc/arm-none-eabi/5.4.1/../../../../arm-none-eabi/lib/armv7-m/libc.a(lib_a-impure.o)
 .data.broker_address
                0x20000428       0x10 main_core.co
 .data.init_system_process
                0x20000438       0x10 main_core.co
                0x20000438                init_system_process
 .data.mqtt_sn_main
                0x20000448       0x10 obj_srf06-cc26xx/mqtt_sn.o
                0x20000448                mqtt_sn_main
 .data.heap_end.6841
                0x20000458        0x4 obj_srf06-cc26xx/mqtt_sn.o
 .data.sensors_process
                0x2000045c       0x10 contiki-srf06-cc26xx.a(sensors.o)
                0x2000045c                sensors_process
 .data.launchpad_module
                0x2000046c       0x14 contiki-srf06-cc26xx.a(board.o)
 .data.sensors  0x20000480        0xc contiki-srf06-cc26xx.a(launchpad-senso)
                0x20000480                sensors
 .data.uart_module
                0x2000048c       0x14 contiki-srf06-cc26xx.a(cc26xx-uart.o)
 .data.tx_power_current
                0x200004a0        0x4 contiki-srf06-cc26xx.a(ieee-mode.o)
                0x200004a0                tx_power_current
 .data.cc26xx_rf_lpm_module
                0x200004a4       0x14 contiki-srf06-cc26xx.a(ieee-mode.o)
 .data.ieee_overrides
                0x200004b8       0x2c contiki-srf06-cc26xx.a(ieee-mode.o)
 .data.rng_module
                0x200004e4       0x14 contiki-srf06-cc26xx.a(soc-trng.o)
 .data.soc_trng_process
                0x200004f8       0x10 contiki-srf06-cc26xx.a(soc-trng.o)
                0x200004f8                soc_trng_process
 .data.ctxt     0x20000508        0x8 contiki-srf06-cc26xx.a(dbg-printf.o)
 .data.ctimer_process
                0x20000510       0x10 contiki-srf06-cc26xx.a(ctimer.o)
                0x20000510                ctimer_process
 .data.etimer_process
                0x20000520       0x10 contiki-srf06-cc26xx.a(etimer.o)
                0x20000520                etimer_process
 .data.serial_line_process
                0x20000530       0x10 contiki-srf06-cc26xx.a(serial-line.o)
                0x20000530                serial_line_process
 .data.tcpip_process
                0x20000540       0x10 contiki-srf06-cc26xx.a(tcpip.o)
                0x20000540                tcpip_process
 .data.simple_udp_process
                0x20000550       0x10 contiki-srf06-cc26xx.a(simple-udp.o)
                0x20000550                simple_udp_process
 .data.dao_ack_handler
                0x20000560        0xc contiki-srf06-cc26xx.a(rpl-icmp6.o)
 .data.dis_handler
                0x2000056c        0xc contiki-srf06-cc26xx.a(rpl-icmp6.o)
 .data.dao_handler
                0x20000578        0xc contiki-srf06-cc26xx.a(rpl-icmp6.o)
 .data.dio_handler
                0x20000584        0xc contiki-srf06-cc26xx.a(rpl-icmp6.o)
 .data.rpl_parents
                0x20000590        0x4 contiki-srf06-cc26xx.a(rpl-dag.o)
                0x20000590                rpl_parents
 .data.rpl_parents_struct
                0x20000594       0x10 contiki-srf06-cc26xx.a(rpl-dag.o)
 .data.bufmem   0x200005a4        0xc contiki-srf06-cc26xx.a(queuebuf.o)
 .data.buframmem
                0x200005b0        0xc contiki-srf06-cc26xx.a(queuebuf.o)
 .data.neighbor_addr_mem
                0x200005bc        0xc contiki-srf06-cc26xx.a(nbr-table.o)
 .data.link_stats_struct
                0x200005c8       0x10 contiki-srf06-cc26xx.a(link-stats.o)
 .data.rf_core_process
                0x200005d8       0x10 contiki-srf06-cc26xx.a(rf-core.o)
                0x200005d8                rf_core_process
 .data.echo_request_handler
                0x200005e8        0xc contiki-srf06-cc26xx.a(uip-icmp6.o)
 .data.echo_reply_handler
                0x200005f4        0xc contiki-srf06-cc26xx.a(uip-icmp6.o)
 .data.defaultroutermemb
                0x20000600        0xc contiki-srf06-cc26xx.a(uip-ds6-route.o)
 .data.nbr_routes_struct
                0x2000060c       0x10 contiki-srf06-cc26xx.a(uip-ds6-route.o)
 .data.nbr_routes
                0x2000061c        0x4 contiki-srf06-cc26xx.a(uip-ds6-route.o)
                0x2000061c                nbr_routes
 .data.routememb
                0x20000620        0xc contiki-srf06-cc26xx.a(uip-ds6-route.o)
 .data.neighborroutememb
                0x2000062c        0xc contiki-srf06-cc26xx.a(uip-ds6-route.o)
 .data.ds6_neighbors
                0x20000638        0x4 contiki-srf06-cc26xx.a(uip-ds6-nbr.o)
                0x20000638                ds6_neighbors
 .data.ds6_neighbors_struct
                0x2000063c       0x10 contiki-srf06-cc26xx.a(uip-ds6-nbr.o)
 .data.rpl_mrhof
                0x2000064c       0x24 contiki-srf06-cc26xx.a(rpl-mrhof.o)
                0x2000064c                rpl_mrhof
 .data.__malloc_av_
                0x20000670      0x408 /opt/gcc-arm-none-eabi-5_4-2016q2/bin/../lib/gcc/arm-none-eabi/5.4.1/../../../../arm-none-eabi/lib/armv7-m/libc.a(lib_a-mallocr.o)
                0x20000670                __malloc_av_
 .data.__malloc_trim_threshold
                0x20000a78        0x4 /opt/gcc-arm-none-eabi-5_4-2016q2/bin/../lib/gcc/arm-none-eabi/5.4.1/../../../../arm-none-eabi/lib/armv7-m/libc.a(lib_a-mallocr.o)
                0x20000a78                __malloc_trim_threshold
 .data.__malloc_sbrk_base
                0x20000a7c        0x4 /opt/gcc-arm-none-eabi-5_4-2016q2/bin/../lib/gcc/arm-none-eabi/5.4.1/../../../../arm-none-eabi/lib/armv7-m/libc.a(lib_a-mallocr.o)
                0x20000a7c                __malloc_sbrk_base
 .data._impure_ptr
                0x20000a80        0x4 /opt/gcc-arm-none-eabi-5_4-2016q2/bin/../lib/gcc/arm-none-eabi/5.4.1/../../../../arm-none-eabi/lib/armv7-m/libc.a(lib_a-impure.o)
                0x20000a80                _impure_ptr
 .data.mac_pan_id
                0x20000a84        0x2 contiki-srf06-cc26xx.a(frame802154.o)
 .data.g_ping_flag_resp
                0x20000a86        0x1 obj_srf06-cc26xx/mqtt_sn.o
 .data.mqtt_status
                0x20000a87        0x1 obj_srf06-cc26xx/mqtt_sn.o
 .data.rng_ready_event
                0x20000a88        0x1 contiki-srf06-cc26xx.a(soc-trng.o)
 .data.dao_sequence
                0x20000a89        0x1 contiki-srf06-cc26xx.a(rpl-icmp6.o)
                0x20000a8a                _edata = .

.igot.plt       0x20000a8c        0x0 load address 0x0000ee40
 .igot.plt      0x20000a8c        0x0 obj_srf06-cc26xx/startup_gcc.o

.ARM.exidx      0x0000ee40        0x8
 *(SORT(.ARM.exidx*))
 .ARM.exidx     0x0000ee40        0x8 /opt/gcc-arm-none-eabi-5_4-2016q2/bin/../lib/gcc/arm-none-eabi/5.4.1/armv7-m/libgcc.a(_udivmoddi4.o)

.bss            0x20000a90     0x3224
                0x20000a90                _bss = .
 *(SORT(.bss*))
 .bss.count     0x20000a90        0x8 contiki-srf06-cc26xx.a(clock.o)
 .bss.rands_cache
                0x20000a98       0x20 contiki-srf06-cc26xx.a(soc-trng.o)
 .bss.pub_test  0x20000ab8       0x14 main_core.co
 .bss.time_poll
                0x20000acc       0x10 main_core.co
 .bss.device_id
                0x20000adc       0x11 main_core.co
 *fill*         0x20000aed        0x3 
 .bss.topic_hw  0x20000af0        0xf main_core.co
 *fill*         0x20000aff        0x1 
 .bss.topic_temp_wildcard
                0x20000b00        0x4 obj_srf06-cc26xx/mqtt_sn.o
 .bss.g_topic_bind
                0x20000b04      0x320 obj_srf06-cc26xx/mqtt_sn.o
 .bss.mqtt_time_register
                0x20000e24       0x20 obj_srf06-cc26xx/mqtt_sn.o
 .bss.topics_reconnect
                0x20000e44      0x190 obj_srf06-cc26xx/mqtt_sn.o
 .bss.callback_mqtt
                0x20000fd4        0x4 obj_srf06-cc26xx/mqtt_sn.o
 .bss.mqtt_time_subscribe
                0x20000fd8       0x20 obj_srf06-cc26xx/mqtt_sn.o
 .bss.broker_addr.7139
                0x20000ff8       0x10 obj_srf06-cc26xx/mqtt_sn.o
 .bss.g_mqtt_sn_con
                0x20001008       0x3c obj_srf06-cc26xx/mqtt_sn.o
 .bss.mqtt_time_ping
                0x20001044       0x20 obj_srf06-cc26xx/mqtt_sn.o
 .bss.mqtt_time_connect
                0x20001064       0x20 obj_srf06-cc26xx/mqtt_sn.o
 .bss.i.4895    0x20001084        0x4 contiki-srf06-cc26xx.a(sensors.o)
 .bss.events.4896
                0x20001088        0x4 contiki-srf06-cc26xx.a(sensors.o)
 .bss.inited    0x2000108c        0x4 contiki-srf06-cc26xx.a(leds-arch.o)
 .bss.left_timer
                0x20001090       0x10 contiki-srf06-cc26xx.a(button-sensor.o)
 .bss.last_isr_time
                0x200010a0        0x4 contiki-srf06-cc26xx.a(soc-rtc.o)
 .bss.input_handler
                0x200010a4        0x4 contiki-srf06-cc26xx.a(cc26xx-uart.o)
 .bss.modules_list_list
                0x200010a8        0x4 contiki-srf06-cc26xx.a(lpm.o)
 .bss.handlers  0x200010ac       0x80 contiki-srf06-cc26xx.a(gpio-interrupt.)
 .bss.last_value.8834
                0x2000112c        0x4 contiki-srf06-cc26xx.a(ieee-mode.o)
 .bss.rat_overflow_timer
                0x20001130       0x20 contiki-srf06-cc26xx.a(ieee-mode.o)
 .bss.filter_cmd
                0x20001150        0x8 contiki-srf06-cc26xx.a(ieee-mode.o)
 .bss.rx_data_queue
                0x20001158        0x8 contiki-srf06-cc26xx.a(ieee-mode.o)
 .bss.rx_read_entry
                0x20001160        0x4 contiki-srf06-cc26xx.a(ieee-mode.o)
 .bss.rat_overflow_counter
                0x20001164        0x4 contiki-srf06-cc26xx.a(ieee-mode.o)
 .bss.cmd_ieee_rx_buf
                0x20001168       0x80 contiki-srf06-cc26xx.a(ieee-mode.o)
 .bss.tx_buf    0x200011e8       0xb6 contiki-srf06-cc26xx.a(ieee-mode.o)
 *fill*         0x2000129e        0x2 
 .bss.rf_stats  0x200012a0       0x10 contiki-srf06-cc26xx.a(ieee-mode.o)
 .bss.rx_buf_0  0x200012b0       0x90 contiki-srf06-cc26xx.a(ieee-mode.o)
 .bss.rx_buf_1  0x20001340       0x90 contiki-srf06-cc26xx.a(ieee-mode.o)
 .bss.last_rat_overflow
                0x200013d0        0x4 contiki-srf06-cc26xx.a(ieee-mode.o)
 .bss.rx_buf_3  0x200013d4       0x90 contiki-srf06-cc26xx.a(ieee-mode.o)
 .bss.rx_buf_2  0x20001464       0x90 contiki-srf06-cc26xx.a(ieee-mode.o)
 .bss.last_packet_timestamp
                0x200014f4        0x4 contiki-srf06-cc26xx.a(ieee-mode.o)
 .bss.notify_cb
                0x200014f8        0x4 contiki-srf06-cc26xx.a(soc-trng.o)
 .bss.rands_mask
                0x200014fc        0x4 contiki-srf06-cc26xx.a(soc-trng.o)
 .bss.ctimer_list_list
                0x20001500        0x4 contiki-srf06-cc26xx.a(ctimer.o)
 .bss.timerlist
                0x20001504        0x4 contiki-srf06-cc26xx.a(etimer.o)
 .bss.next_expiration
                0x20001508        0x4 contiki-srf06-cc26xx.a(etimer.o)
 .bss.process_current
                0x2000150c        0x4 contiki-srf06-cc26xx.a(process.o)
                0x2000150c                process_current
 .bss.process_list
                0x20001510        0x4 contiki-srf06-cc26xx.a(process.o)
                0x20001510                process_list
 .bss.events    0x20001514      0x180 contiki-srf06-cc26xx.a(process.o)
 .bss.next_rtimer
                0x20001694        0x4 contiki-srf06-cc26xx.a(rtimer.o)
 .bss.rxbuf_data
                0x20001698       0x80 contiki-srf06-cc26xx.a(serial-line.o)
 .bss.ptr.4880  0x20001718        0x4 contiki-srf06-cc26xx.a(serial-line.o)